<?xml version="1.0" encoding="ISO-8859-1" ?>
<link_info>
   <banner>MSP430 Linker PC v21.6.1.LTS</banner>
   <copyright>Copyright (c) 2003-2018 Texas Instruments Incorporated</copyright>
   <link_time>0x654106dd</link_time>
   <link_errors>0x0</link_errors>
   <output_file>Batterygauge.out</output_file>
   <entry_point>
      <name>_c_int00_noargs</name>
      <address>0x8e22</address>
   </entry_point>
   <input_file_list>
      <input_file id="fl-2">
         <path>.\</path>
         <kind>object</kind>
         <file>BattGauge_program.obj</file>
         <name>BattGauge_program.obj</name>
      </input_file>
      <input_file id="fl-3">
         <path>.\</path>
         <kind>object</kind>
         <file>main.obj</file>
         <name>main.obj</name>
      </input_file>
      <input_file id="fl-4">
         <path>.\driverlib\</path>
         <kind>object</kind>
         <file>cs.obj</file>
         <name>cs.obj</name>
      </input_file>
      <input_file id="fl-5">
         <path>.\driverlib\</path>
         <kind>object</kind>
         <file>eusci_a_spi.obj</file>
         <name>eusci_a_spi.obj</name>
      </input_file>
      <input_file id="fl-6">
         <path>.\driverlib\</path>
         <kind>object</kind>
         <file>eusci_a_uart.obj</file>
         <name>eusci_a_uart.obj</name>
      </input_file>
      <input_file id="fl-7">
         <path>.\driverlib\</path>
         <kind>object</kind>
         <file>eusci_b_i2c.obj</file>
         <name>eusci_b_i2c.obj</name>
      </input_file>
      <input_file id="fl-8">
         <path>.\driverlib\</path>
         <kind>object</kind>
         <file>eusci_b_spi.obj</file>
         <name>eusci_b_spi.obj</name>
      </input_file>
      <input_file id="fl-9">
         <path>.\driverlib\</path>
         <kind>object</kind>
         <file>flashctl.obj</file>
         <name>flashctl.obj</name>
      </input_file>
      <input_file id="fl-a">
         <path>.\driverlib\</path>
         <kind>object</kind>
         <file>gpio.obj</file>
         <name>gpio.obj</name>
      </input_file>
      <input_file id="fl-b">
         <path>.\driverlib\</path>
         <kind>object</kind>
         <file>mpy.obj</file>
         <name>mpy.obj</name>
      </input_file>
      <input_file id="fl-c">
         <path>.\driverlib\</path>
         <kind>object</kind>
         <file>pmm.obj</file>
         <name>pmm.obj</name>
      </input_file>
      <input_file id="fl-d">
         <path>.\driverlib\</path>
         <kind>object</kind>
         <file>sd24.obj</file>
         <name>sd24.obj</name>
      </input_file>
      <input_file id="fl-e">
         <path>.\driverlib\</path>
         <kind>object</kind>
         <file>sfr.obj</file>
         <name>sfr.obj</name>
      </input_file>
      <input_file id="fl-f">
         <path>.\driverlib\</path>
         <kind>object</kind>
         <file>timer_a.obj</file>
         <name>timer_a.obj</name>
      </input_file>
      <input_file id="fl-10">
         <path>.\driverlib\</path>
         <kind>object</kind>
         <file>tlv.obj</file>
         <name>tlv.obj</name>
      </input_file>
      <input_file id="fl-11">
         <path>.\driverlib\</path>
         <kind>object</kind>
         <file>wdt.obj</file>
         <name>wdt.obj</name>
      </input_file>
      <input_file id="fl-16">
         <kind>object</kind>
         <file>&lt;internal&gt;</file>
         <name>&lt;internal&gt;</name>
      </input_file>
      <input_file id="fl-2c">
         <path>C:\ti\ccs1240\ccs\tools\compiler\ti-cgt-msp430_21.6.1.LTS\lib\</path>
         <kind>archive</kind>
         <file>rts430_eabi.lib</file>
         <name>asr16.asm.obj</name>
      </input_file>
      <input_file id="fl-2d">
         <path>C:\ti\ccs1240\ccs\tools\compiler\ti-cgt-msp430_21.6.1.LTS\lib\</path>
         <kind>archive</kind>
         <file>rts430_eabi.lib</file>
         <name>asr32.asm.obj</name>
      </input_file>
      <input_file id="fl-2e">
         <path>C:\ti\ccs1240\ccs\tools\compiler\ti-cgt-msp430_21.6.1.LTS\lib\</path>
         <kind>archive</kind>
         <file>rts430_eabi.lib</file>
         <name>div32u.asm.obj</name>
      </input_file>
      <input_file id="fl-2f">
         <path>C:\ti\ccs1240\ccs\tools\compiler\ti-cgt-msp430_21.6.1.LTS\lib\</path>
         <kind>archive</kind>
         <file>rts430_eabi.lib</file>
         <name>epilog.asm.obj</name>
      </input_file>
      <input_file id="fl-30">
         <path>C:\ti\ccs1240\ccs\tools\compiler\ti-cgt-msp430_21.6.1.LTS\lib\</path>
         <kind>archive</kind>
         <file>rts430_eabi.lib</file>
         <name>fs_add.asm.obj</name>
      </input_file>
      <input_file id="fl-31">
         <path>C:\ti\ccs1240\ccs\tools\compiler\ti-cgt-msp430_21.6.1.LTS\lib\</path>
         <kind>archive</kind>
         <file>rts430_eabi.lib</file>
         <name>fs_cmp.asm.obj</name>
      </input_file>
      <input_file id="fl-32">
         <path>C:\ti\ccs1240\ccs\tools\compiler\ti-cgt-msp430_21.6.1.LTS\lib\</path>
         <kind>archive</kind>
         <file>rts430_eabi.lib</file>
         <name>fs_div.asm.obj</name>
      </input_file>
      <input_file id="fl-33">
         <path>C:\ti\ccs1240\ccs\tools\compiler\ti-cgt-msp430_21.6.1.LTS\lib\</path>
         <kind>archive</kind>
         <file>rts430_eabi.lib</file>
         <name>fs_mpy.asm.obj</name>
      </input_file>
      <input_file id="fl-34">
         <path>C:\ti\ccs1240\ccs\tools\compiler\ti-cgt-msp430_21.6.1.LTS\lib\</path>
         <kind>archive</kind>
         <file>rts430_eabi.lib</file>
         <name>fs_utof.asm.obj</name>
      </input_file>
      <input_file id="fl-35">
         <path>C:\ti\ccs1240\ccs\tools\compiler\ti-cgt-msp430_21.6.1.LTS\lib\</path>
         <kind>archive</kind>
         <file>rts430_eabi.lib</file>
         <name>int01.asm.obj</name>
      </input_file>
      <input_file id="fl-36">
         <path>C:\ti\ccs1240\ccs\tools\compiler\ti-cgt-msp430_21.6.1.LTS\lib\</path>
         <kind>archive</kind>
         <file>rts430_eabi.lib</file>
         <name>int04.asm.obj</name>
      </input_file>
      <input_file id="fl-37">
         <path>C:\ti\ccs1240\ccs\tools\compiler\ti-cgt-msp430_21.6.1.LTS\lib\</path>
         <kind>archive</kind>
         <file>rts430_eabi.lib</file>
         <name>int05.asm.obj</name>
      </input_file>
      <input_file id="fl-38">
         <path>C:\ti\ccs1240\ccs\tools\compiler\ti-cgt-msp430_21.6.1.LTS\lib\</path>
         <kind>archive</kind>
         <file>rts430_eabi.lib</file>
         <name>int06.asm.obj</name>
      </input_file>
      <input_file id="fl-39">
         <path>C:\ti\ccs1240\ccs\tools\compiler\ti-cgt-msp430_21.6.1.LTS\lib\</path>
         <kind>archive</kind>
         <file>rts430_eabi.lib</file>
         <name>int07.asm.obj</name>
      </input_file>
      <input_file id="fl-3a">
         <path>C:\ti\ccs1240\ccs\tools\compiler\ti-cgt-msp430_21.6.1.LTS\lib\</path>
         <kind>archive</kind>
         <file>rts430_eabi.lib</file>
         <name>int08.asm.obj</name>
      </input_file>
      <input_file id="fl-3b">
         <path>C:\ti\ccs1240\ccs\tools\compiler\ti-cgt-msp430_21.6.1.LTS\lib\</path>
         <kind>archive</kind>
         <file>rts430_eabi.lib</file>
         <name>int09.asm.obj</name>
      </input_file>
      <input_file id="fl-3c">
         <path>C:\ti\ccs1240\ccs\tools\compiler\ti-cgt-msp430_21.6.1.LTS\lib\</path>
         <kind>archive</kind>
         <file>rts430_eabi.lib</file>
         <name>int10.asm.obj</name>
      </input_file>
      <input_file id="fl-3d">
         <path>C:\ti\ccs1240\ccs\tools\compiler\ti-cgt-msp430_21.6.1.LTS\lib\</path>
         <kind>archive</kind>
         <file>rts430_eabi.lib</file>
         <name>int11.asm.obj</name>
      </input_file>
      <input_file id="fl-3e">
         <path>C:\ti\ccs1240\ccs\tools\compiler\ti-cgt-msp430_21.6.1.LTS\lib\</path>
         <kind>archive</kind>
         <file>rts430_eabi.lib</file>
         <name>int12.asm.obj</name>
      </input_file>
      <input_file id="fl-3f">
         <path>C:\ti\ccs1240\ccs\tools\compiler\ti-cgt-msp430_21.6.1.LTS\lib\</path>
         <kind>archive</kind>
         <file>rts430_eabi.lib</file>
         <name>int13.asm.obj</name>
      </input_file>
      <input_file id="fl-40">
         <path>C:\ti\ccs1240\ccs\tools\compiler\ti-cgt-msp430_21.6.1.LTS\lib\</path>
         <kind>archive</kind>
         <file>rts430_eabi.lib</file>
         <name>int14.asm.obj</name>
      </input_file>
      <input_file id="fl-41">
         <path>C:\ti\ccs1240\ccs\tools\compiler\ti-cgt-msp430_21.6.1.LTS\lib\</path>
         <kind>archive</kind>
         <file>rts430_eabi.lib</file>
         <name>isr_trap.asm.obj</name>
      </input_file>
      <input_file id="fl-42">
         <path>C:\ti\ccs1240\ccs\tools\compiler\ti-cgt-msp430_21.6.1.LTS\lib\</path>
         <kind>archive</kind>
         <file>rts430_eabi.lib</file>
         <name>lsl16.asm.obj</name>
      </input_file>
      <input_file id="fl-43">
         <path>C:\ti\ccs1240\ccs\tools\compiler\ti-cgt-msp430_21.6.1.LTS\lib\</path>
         <kind>archive</kind>
         <file>rts430_eabi.lib</file>
         <name>lsl32.asm.obj</name>
      </input_file>
      <input_file id="fl-44">
         <path>C:\ti\ccs1240\ccs\tools\compiler\ti-cgt-msp430_21.6.1.LTS\lib\</path>
         <kind>archive</kind>
         <file>rts430_eabi.lib</file>
         <name>mult16_hw.asm.obj</name>
      </input_file>
      <input_file id="fl-45">
         <path>C:\ti\ccs1240\ccs\tools\compiler\ti-cgt-msp430_21.6.1.LTS\lib\</path>
         <kind>archive</kind>
         <file>rts430_eabi.lib</file>
         <name>mult1632_hw.asm.obj</name>
      </input_file>
      <input_file id="fl-46">
         <path>C:\ti\ccs1240\ccs\tools\compiler\ti-cgt-msp430_21.6.1.LTS\lib\</path>
         <kind>archive</kind>
         <file>rts430_eabi.lib</file>
         <name>mult32_hw.asm.obj</name>
      </input_file>
      <input_file id="fl-47">
         <path>C:\ti\ccs1240\ccs\tools\compiler\ti-cgt-msp430_21.6.1.LTS\lib\</path>
         <kind>archive</kind>
         <file>rts430_eabi.lib</file>
         <name>mult3264_hw.asm.obj</name>
      </input_file>
      <input_file id="fl-48">
         <path>C:\ti\ccs1240\ccs\tools\compiler\ti-cgt-msp430_21.6.1.LTS\lib\</path>
         <kind>archive</kind>
         <file>rts430_eabi.lib</file>
         <name>mult64_hw.asm.obj</name>
      </input_file>
      <input_file id="fl-49">
         <path>C:\ti\ccs1240\ccs\tools\compiler\ti-cgt-msp430_21.6.1.LTS\lib\</path>
         <kind>archive</kind>
         <file>rts430_eabi.lib</file>
         <name>boot.c.obj</name>
      </input_file>
      <input_file id="fl-4a">
         <path>C:\ti\ccs1240\ccs\tools\compiler\ti-cgt-msp430_21.6.1.LTS\lib\</path>
         <kind>archive</kind>
         <file>rts430_eabi.lib</file>
         <name>autoinit.c.obj</name>
      </input_file>
      <input_file id="fl-4b">
         <path>C:\ti\ccs1240\ccs\tools\compiler\ti-cgt-msp430_21.6.1.LTS\lib\</path>
         <kind>archive</kind>
         <file>rts430_eabi.lib</file>
         <name>copy_zero_init.c.obj</name>
      </input_file>
      <input_file id="fl-4c">
         <path>C:\ti\ccs1240\ccs\tools\compiler\ti-cgt-msp430_21.6.1.LTS\lib\</path>
         <kind>archive</kind>
         <file>rts430_eabi.lib</file>
         <name>cpy_tbl.c.obj</name>
      </input_file>
      <input_file id="fl-4d">
         <path>C:\ti\ccs1240\ccs\tools\compiler\ti-cgt-msp430_21.6.1.LTS\lib\</path>
         <kind>archive</kind>
         <file>rts430_eabi.lib</file>
         <name>mpu_init.c.obj</name>
      </input_file>
      <input_file id="fl-4e">
         <path>C:\ti\ccs1240\ccs\tools\compiler\ti-cgt-msp430_21.6.1.LTS\lib\</path>
         <kind>archive</kind>
         <file>rts430_eabi.lib</file>
         <name>pre_init.c.obj</name>
      </input_file>
      <input_file id="fl-4f">
         <path>C:\ti\ccs1240\ccs\tools\compiler\ti-cgt-msp430_21.6.1.LTS\lib\</path>
         <kind>archive</kind>
         <file>rts430_eabi.lib</file>
         <name>startup.c.obj</name>
      </input_file>
      <input_file id="fl-50">
         <path>C:\ti\ccs1240\ccs\tools\compiler\ti-cgt-msp430_21.6.1.LTS\lib\</path>
         <kind>archive</kind>
         <file>rts430_eabi.lib</file>
         <name>copy_decompress_none.c.obj</name>
      </input_file>
      <input_file id="fl-51">
         <path>C:\ti\ccs1240\ccs\tools\compiler\ti-cgt-msp430_21.6.1.LTS\lib\</path>
         <kind>archive</kind>
         <file>rts430_eabi.lib</file>
         <name>copy_decompress_lzss.c.obj</name>
      </input_file>
      <input_file id="fl-52">
         <path>C:\ti\ccs1240\ccs\tools\compiler\ti-cgt-msp430_21.6.1.LTS\lib\</path>
         <kind>archive</kind>
         <file>rts430_eabi.lib</file>
         <name>fixdu.c.obj</name>
      </input_file>
      <input_file id="fl-53">
         <path>C:\ti\ccs1240\ccs\tools\compiler\ti-cgt-msp430_21.6.1.LTS\lib\</path>
         <kind>archive</kind>
         <file>rts430_eabi.lib</file>
         <name>fixdul.c.obj</name>
      </input_file>
      <input_file id="fl-54">
         <path>C:\ti\ccs1240\ccs\tools\compiler\ti-cgt-msp430_21.6.1.LTS\lib\</path>
         <kind>archive</kind>
         <file>rts430_eabi.lib</file>
         <name>fltud.c.obj</name>
      </input_file>
      <input_file id="fl-55">
         <path>C:\ti\ccs1240\ccs\tools\compiler\ti-cgt-msp430_21.6.1.LTS\lib\</path>
         <kind>archive</kind>
         <file>rts430_eabi.lib</file>
         <name>fltuld.c.obj</name>
      </input_file>
      <input_file id="fl-56">
         <path>C:\ti\ccs1240\ccs\tools\compiler\ti-cgt-msp430_21.6.1.LTS\lib\</path>
         <kind>archive</kind>
         <file>rts430_eabi.lib</file>
         <name>mpyd.c.obj</name>
      </input_file>
      <input_file id="fl-57">
         <path>C:\ti\ccs1240\ccs\tools\compiler\ti-cgt-msp430_21.6.1.LTS\lib\</path>
         <kind>archive</kind>
         <file>rts430_eabi.lib</file>
         <name>exit.c.obj</name>
      </input_file>
      <input_file id="fl-58">
         <path>C:\ti\ccs1240\ccs\tools\compiler\ti-cgt-msp430_21.6.1.LTS\lib\</path>
         <kind>archive</kind>
         <file>rts430_eabi.lib</file>
         <name>_lock.c.obj</name>
      </input_file>
      <input_file id="fl-59">
         <path>C:\ti\ccs1240\ccs\tools\compiler\ti-cgt-msp430_21.6.1.LTS\lib\</path>
         <kind>archive</kind>
         <file>rts430_eabi.lib</file>
         <name>args_main.c.obj</name>
      </input_file>
      <input_file id="fl-5a">
         <path>C:\ti\ccs1240\ccs\tools\compiler\ti-cgt-msp430_21.6.1.LTS\lib\</path>
         <kind>archive</kind>
         <file>rts430_eabi.lib</file>
         <name>memcpy.c.obj</name>
      </input_file>
      <input_file id="fl-5b">
         <path>C:\ti\ccs1240\ccs\tools\compiler\ti-cgt-msp430_21.6.1.LTS\lib\</path>
         <kind>archive</kind>
         <file>rts430_eabi.lib</file>
         <name>lsr16.asm.obj</name>
      </input_file>
      <input_file id="fl-5c">
         <path>C:\ti\ccs1240\ccs\tools\compiler\ti-cgt-msp430_21.6.1.LTS\lib\</path>
         <kind>archive</kind>
         <file>rts430_eabi.lib</file>
         <name>lsr32.asm.obj</name>
      </input_file>
      <input_file id="fl-5d">
         <path>C:\ti\ccs1240\ccs\tools\compiler\ti-cgt-msp430_21.6.1.LTS\lib\</path>
         <kind>archive</kind>
         <file>rts430_eabi.lib</file>
         <name>mult16.asm.obj</name>
      </input_file>
      <input_file id="fl-5e">
         <path>C:\ti\ccs1240\ccs\tools\compiler\ti-cgt-msp430_21.6.1.LTS\lib\</path>
         <kind>archive</kind>
         <file>rts430_eabi.lib</file>
         <name>exit_gvars.c.obj</name>
      </input_file>
      <input_file id="fl-5f">
         <path>C:\ti\ccs1240\ccs\tools\compiler\ti-cgt-msp430_21.6.1.LTS\lib\</path>
         <kind>archive</kind>
         <file>rts430_eabi.lib</file>
         <name>lsr64.c.obj</name>
      </input_file>
      <input_file id="fl-60">
         <path>C:\ti\ccs1240\ccs\tools\compiler\ti-cgt-msp430_21.6.1.LTS\lib\</path>
         <kind>archive</kind>
         <file>rts430_eabi.lib</file>
         <name>frcmpyd.c.obj</name>
      </input_file>
      <input_file id="fl-61">
         <path>C:\ti\ccs1240\ccs\tools\compiler\ti-cgt-msp430_21.6.1.LTS\lib\</path>
         <kind>archive</kind>
         <file>rts430_eabi.lib</file>
         <name>mult3264.asm.obj</name>
      </input_file>
      <input_file id="fl-62">
         <path>C:\ti\ccs1240\ccs\tools\compiler\ti-cgt-msp430_21.6.1.LTS\lib\</path>
         <kind>archive</kind>
         <file>rts430_eabi.lib</file>
         <name>mult64.asm.obj</name>
      </input_file>
      <input_file id="fl-63">
         <path>C:\ti\ccs1240\ccs\tools\compiler\ti-cgt-msp430_21.6.1.LTS\lib\</path>
         <kind>archive</kind>
         <file>rts430_eabi.lib</file>
         <name>lsl64.c.obj</name>
      </input_file>
      <input_file id="fl-64">
         <path>C:\ti\ccs1240\ccs\tools\compiler\ti-cgt-msp430_21.6.1.LTS\lib\</path>
         <kind>archive</kind>
         <file>rts430_eabi.lib</file>
         <name>mult1632.asm.obj</name>
      </input_file>
      <input_file id="fl-65">
         <path>C:\ti\ccs1240\ccs\tools\compiler\ti-cgt-msp430_21.6.1.LTS\lib\</path>
         <kind>archive</kind>
         <file>rts430_eabi.lib</file>
         <name>mult32.asm.obj</name>
      </input_file>
   </input_file_list>
   <object_component_list>
      <object_component id="oc-26c">
         <name>.common:Batt_Volt_Mapped</name>
         <uninitialized>true</uninitialized>
         <run_address>0x200</run_address>
         <size>0x4</size>
      </object_component>
      <object_component id="oc-f1">
         <name>.stack</name>
         <uninitialized>true</uninitialized>
         <run_address>0x9b0</run_address>
         <size>0x2</size>
         <input_file_ref idref="fl-49"/>
      </object_component>
      <object_component id="oc-3ac">
         <name>.stack</name>
         <uninitialized>true</uninitialized>
         <run_address>0x9b0</run_address>
         <size>0x0</size>
      </object_component>
      <object_component id="oc-254">
         <name>.text:__mspabi_mpyd</name>
         <load_address>0x8000</load_address>
         <run_address>0x8000</run_address>
         <size>0x2c0</size>
         <input_file_ref idref="fl-56"/>
      </object_component>
      <object_component id="oc-2ca">
         <name>.text:__TI_frcmpyd</name>
         <load_address>0x82c0</load_address>
         <run_address>0x82c0</run_address>
         <size>0x172</size>
         <input_file_ref idref="fl-60"/>
      </object_component>
      <object_component id="oc-2e3">
         <name>.text</name>
         <load_address>0x8432</load_address>
         <run_address>0x8432</run_address>
         <size>0x132</size>
         <input_file_ref idref="fl-30"/>
      </object_component>
      <object_component id="oc-2ed">
         <name>.text</name>
         <load_address>0x8564</load_address>
         <run_address>0x8564</run_address>
         <size>0xc4</size>
         <input_file_ref idref="fl-33"/>
      </object_component>
      <object_component id="oc-260">
         <name>.text:BattGauge_Mapping</name>
         <load_address>0x8628</load_address>
         <run_address>0x8628</run_address>
         <size>0xa0</size>
         <input_file_ref idref="fl-2"/>
      </object_component>
      <object_component id="oc-2e8">
         <name>.text</name>
         <load_address>0x86c8</load_address>
         <run_address>0x86c8</run_address>
         <size>0x9c</size>
         <input_file_ref idref="fl-32"/>
      </object_component>
      <object_component id="oc-33b">
         <name>.text:__mpyll</name>
         <load_address>0x8764</load_address>
         <run_address>0x8764</run_address>
         <size>0x96</size>
         <input_file_ref idref="fl-48"/>
      </object_component>
      <object_component id="oc-248">
         <name>.text:SD24_getResults</name>
         <load_address>0x87fa</load_address>
         <run_address>0x87fa</run_address>
         <size>0x8c</size>
         <input_file_ref idref="fl-d"/>
      </object_component>
      <object_component id="oc-2be">
         <name>.text:__mspabi_fltuld</name>
         <load_address>0x8886</load_address>
         <run_address>0x8886</run_address>
         <size>0x8a</size>
         <input_file_ref idref="fl-55"/>
      </object_component>
      <object_component id="oc-1c5">
         <name>.text:BattGauge_Read</name>
         <load_address>0x8910</load_address>
         <run_address>0x8910</run_address>
         <size>0x7c</size>
         <input_file_ref idref="fl-2"/>
      </object_component>
      <object_component id="oc-2d7">
         <name>.text:__mspabi_fixdul</name>
         <load_address>0x898c</load_address>
         <run_address>0x898c</run_address>
         <size>0x74</size>
         <input_file_ref idref="fl-53"/>
      </object_component>
      <object_component id="oc-1b3">
         <name>.text:BattGauge_Init</name>
         <load_address>0x8a00</load_address>
         <run_address>0x8a00</run_address>
         <size>0x72</size>
         <input_file_ref idref="fl-2"/>
      </object_component>
      <object_component id="oc-32d">
         <name>.text:l_lsr_const</name>
         <load_address>0x8a72</load_address>
         <run_address>0x8a72</run_address>
         <size>0x5c</size>
         <input_file_ref idref="fl-5c"/>
      </object_component>
      <object_component id="oc-fa">
         <name>.text</name>
         <load_address>0x8ace</load_address>
         <run_address>0x8ace</run_address>
         <size>0x4c</size>
         <input_file_ref idref="fl-5b"/>
      </object_component>
      <object_component id="oc-340">
         <name>.text:__mpyull</name>
         <load_address>0x8b1a</load_address>
         <run_address>0x8b1a</run_address>
         <size>0x4a</size>
         <input_file_ref idref="fl-47"/>
      </object_component>
      <object_component id="oc-26f">
         <name>.text</name>
         <load_address>0x8b64</load_address>
         <run_address>0x8b64</run_address>
         <size>0x4a</size>
         <input_file_ref idref="fl-31"/>
      </object_component>
      <object_component id="oc-226">
         <name>.text:SD24_initConverterAdvanced</name>
         <load_address>0x8bae</load_address>
         <run_address>0x8bae</run_address>
         <size>0x46</size>
         <input_file_ref idref="fl-d"/>
      </object_component>
      <object_component id="oc-345">
         <name>.text:__mspabi_srlll</name>
         <load_address>0x8bf4</load_address>
         <run_address>0x8bf4</run_address>
         <size>0x46</size>
         <input_file_ref idref="fl-5f"/>
      </object_component>
      <object_component id="oc-185">
         <name>.text:main</name>
         <load_address>0x8c3a</load_address>
         <run_address>0x8c3a</run_address>
         <size>0x46</size>
         <input_file_ref idref="fl-3"/>
      </object_component>
      <object_component id="oc-335">
         <name>.text:__mspabi_sllll</name>
         <load_address>0x8c80</load_address>
         <run_address>0x8c80</run_address>
         <size>0x44</size>
         <input_file_ref idref="fl-63"/>
      </object_component>
      <object_component id="oc-1e4">
         <name>.text:__TI_auto_init_nobinit_nopinit:__TI_auto_init_nobinit_nopinit</name>
         <load_address>0x8cc4</load_address>
         <run_address>0x8cc4</run_address>
         <size>0x42</size>
         <input_file_ref idref="fl-4a"/>
      </object_component>
      <object_component id="oc-2b8">
         <name>.text:l_lsl_const</name>
         <load_address>0x8d06</load_address>
         <run_address>0x8d06</run_address>
         <size>0x3e</size>
         <input_file_ref idref="fl-43"/>
      </object_component>
      <object_component id="oc-2c5">
         <name>.text</name>
         <load_address>0x8d44</load_address>
         <run_address>0x8d44</run_address>
         <size>0x2c</size>
         <input_file_ref idref="fl-2c"/>
      </object_component>
      <object_component id="oc-f5">
         <name>.text</name>
         <load_address>0x8d70</load_address>
         <run_address>0x8d70</run_address>
         <size>0x2c</size>
         <input_file_ref idref="fl-42"/>
      </object_component>
      <object_component id="oc-21d">
         <name>.text:SD24_init</name>
         <load_address>0x8d9c</load_address>
         <run_address>0x8d9c</run_address>
         <size>0x24</size>
         <input_file_ref idref="fl-d"/>
      </object_component>
      <object_component id="oc-2de">
         <name>.text</name>
         <load_address>0x8dc0</load_address>
         <run_address>0x8dc0</run_address>
         <size>0x24</size>
         <input_file_ref idref="fl-34"/>
      </object_component>
      <object_component id="oc-1cb">
         <name>.text:BattGauge_Check</name>
         <load_address>0x8de4</load_address>
         <run_address>0x8de4</run_address>
         <size>0x20</size>
         <input_file_ref idref="fl-2"/>
      </object_component>
      <object_component id="oc-1b9">
         <name>.text:GPIO_setAsOutputPin</name>
         <load_address>0x8e04</load_address>
         <run_address>0x8e04</run_address>
         <size>0x1e</size>
         <input_file_ref idref="fl-a"/>
      </object_component>
      <object_component id="oc-133">
         <name>.text:_c_int00_noargs</name>
         <load_address>0x8e22</load_address>
         <run_address>0x8e22</run_address>
         <size>0x1c</size>
         <input_file_ref idref="fl-49"/>
      </object_component>
      <object_component id="oc-1d1">
         <name>.text:GPIO_setOutputHighOnPin</name>
         <load_address>0x8e3e</load_address>
         <run_address>0x8e3e</run_address>
         <size>0x16</size>
         <input_file_ref idref="fl-a"/>
      </object_component>
      <object_component id="oc-1bf">
         <name>.text:GPIO_setOutputLowOnPin</name>
         <load_address>0x8e54</load_address>
         <run_address>0x8e54</run_address>
         <size>0x16</size>
         <input_file_ref idref="fl-a"/>
      </object_component>
      <object_component id="oc-242">
         <name>.text:SD24_getInterruptStatus</name>
         <load_address>0x8e6a</load_address>
         <run_address>0x8e6a</run_address>
         <size>0x16</size>
         <input_file_ref idref="fl-d"/>
      </object_component>
      <object_component id="oc-1ad">
         <name>.text:WDT_hold</name>
         <load_address>0x8e80</load_address>
         <run_address>0x8e80</run_address>
         <size>0x16</size>
         <input_file_ref idref="fl-11"/>
      </object_component>
      <object_component id="oc-121">
         <name>.text:decompress:ZI:__TI_zero_init_nomemset:__TI_zero_init_nomemset</name>
         <load_address>0x8e96</load_address>
         <run_address>0x8e96</run_address>
         <size>0x14</size>
         <input_file_ref idref="fl-4b"/>
      </object_component>
      <object_component id="oc-23c">
         <name>.text:SD24_startConverterConversion</name>
         <load_address>0x8eaa</load_address>
         <run_address>0x8eaa</run_address>
         <size>0x12</size>
         <input_file_ref idref="fl-d"/>
      </object_component>
      <object_component id="oc-25a">
         <name>.text:__mspabi_fixdu</name>
         <load_address>0x8ebc</load_address>
         <run_address>0x8ebc</run_address>
         <size>0x12</size>
         <input_file_ref idref="fl-52"/>
      </object_component>
      <object_component id="oc-34e">
         <name>.text:l_lsr</name>
         <load_address>0x8ece</load_address>
         <run_address>0x8ece</run_address>
         <size>0x12</size>
         <input_file_ref idref="fl-5c"/>
      </object_component>
      <object_component id="oc-10f">
         <name>.text:memcpy</name>
         <load_address>0x8ee0</load_address>
         <run_address>0x8ee0</run_address>
         <size>0x12</size>
         <input_file_ref idref="fl-5a"/>
      </object_component>
      <object_component id="oc-ff">
         <name>.text</name>
         <load_address>0x8ef2</load_address>
         <run_address>0x8ef2</run_address>
         <size>0x10</size>
         <input_file_ref idref="fl-2f"/>
      </object_component>
      <object_component id="oc-11c">
         <name>.text:_isr:__TI_ISR_TRAP</name>
         <load_address>0x8f02</load_address>
         <run_address>0x8f02</run_address>
         <size>0x8</size>
         <input_file_ref idref="fl-41"/>
      </object_component>
      <object_component id="oc-24e">
         <name>.text:__mspabi_fltud</name>
         <load_address>0x8f0a</load_address>
         <run_address>0x8f0a</run_address>
         <size>0x6</size>
         <input_file_ref idref="fl-54"/>
      </object_component>
      <object_component id="oc-1d8">
         <name>.text:abort</name>
         <load_address>0x8f10</load_address>
         <run_address>0x8f10</run_address>
         <size>0x6</size>
         <input_file_ref idref="fl-57"/>
      </object_component>
      <object_component id="oc-17f">
         <name>.text:_system_pre_init</name>
         <load_address>0x8f16</load_address>
         <run_address>0x8f16</run_address>
         <size>0x4</size>
         <input_file_ref idref="fl-4e"/>
      </object_component>
      <object_component id="oc-288">
         <name>.text:_system_post_cinit</name>
         <load_address>0x8f1a</load_address>
         <run_address>0x8f1a</run_address>
         <size>0x2</size>
         <input_file_ref idref="fl-4f"/>
      </object_component>
      <object_component id="oc-3ab">
         <name>.cinit..bss.load</name>
         <load_address>0x8f44</load_address>
         <run_address>0x8f44</run_address>
         <size>0x4</size>
      </object_component>
      <object_component id="oc-3a9">
         <name>__TI_handler_table</name>
         <load_address>0x8f48</load_address>
         <run_address>0x8f48</run_address>
         <size>0x2</size>
      </object_component>
      <object_component id="oc-3aa">
         <name>__TI_cinit_table</name>
         <load_address>0x8f4a</load_address>
         <run_address>0x8f4a</run_address>
         <size>0x4</size>
      </object_component>
      <object_component id="oc-237">
         <name>.const:GPIO_PORT_TO_BASE</name>
         <load_address>0x8f1c</load_address>
         <run_address>0x8f1c</run_address>
         <size>0x1c</size>
         <input_file_ref idref="fl-a"/>
      </object_component>
      <object_component id="oc-223">
         <name>.const:$P$T0$1</name>
         <load_address>0x8f38</load_address>
         <run_address>0x8f38</run_address>
         <size>0xc</size>
         <input_file_ref idref="fl-2"/>
      </object_component>
      <object_component id="oc-36e">
         <name>.binit</name>
         <load_address>0x8000</load_address>
         <run_address>0x8000</run_address>
         <size>0x0</size>
      </object_component>
      <object_component id="oc-3c">
         <name>.int01</name>
         <load_address>0xffe2</load_address>
         <run_address>0xffe2</run_address>
         <size>0x2</size>
         <input_file_ref idref="fl-35"/>
      </object_component>
      <object_component id="oc-3d">
         <name>.int04</name>
         <load_address>0xffe8</load_address>
         <run_address>0xffe8</run_address>
         <size>0x2</size>
         <input_file_ref idref="fl-36"/>
      </object_component>
      <object_component id="oc-3e">
         <name>.int05</name>
         <load_address>0xffea</load_address>
         <run_address>0xffea</run_address>
         <size>0x2</size>
         <input_file_ref idref="fl-37"/>
      </object_component>
      <object_component id="oc-3f">
         <name>.int06</name>
         <load_address>0xffec</load_address>
         <run_address>0xffec</run_address>
         <size>0x2</size>
         <input_file_ref idref="fl-38"/>
      </object_component>
      <object_component id="oc-40">
         <name>.int07</name>
         <load_address>0xffee</load_address>
         <run_address>0xffee</run_address>
         <size>0x2</size>
         <input_file_ref idref="fl-39"/>
      </object_component>
      <object_component id="oc-41">
         <name>.int08</name>
         <load_address>0xfff0</load_address>
         <run_address>0xfff0</run_address>
         <size>0x2</size>
         <input_file_ref idref="fl-3a"/>
      </object_component>
      <object_component id="oc-42">
         <name>.int09</name>
         <load_address>0xfff2</load_address>
         <run_address>0xfff2</run_address>
         <size>0x2</size>
         <input_file_ref idref="fl-3b"/>
      </object_component>
      <object_component id="oc-43">
         <name>.int10</name>
         <load_address>0xfff4</load_address>
         <run_address>0xfff4</run_address>
         <size>0x2</size>
         <input_file_ref idref="fl-3c"/>
      </object_component>
      <object_component id="oc-44">
         <name>.int11</name>
         <load_address>0xfff6</load_address>
         <run_address>0xfff6</run_address>
         <size>0x2</size>
         <input_file_ref idref="fl-3d"/>
      </object_component>
      <object_component id="oc-45">
         <name>.int12</name>
         <load_address>0xfff8</load_address>
         <run_address>0xfff8</run_address>
         <size>0x2</size>
         <input_file_ref idref="fl-3e"/>
      </object_component>
      <object_component id="oc-46">
         <name>.int13</name>
         <load_address>0xfffa</load_address>
         <run_address>0xfffa</run_address>
         <size>0x2</size>
         <input_file_ref idref="fl-3f"/>
      </object_component>
      <object_component id="oc-47">
         <name>.int14</name>
         <load_address>0xfffc</load_address>
         <run_address>0xfffc</run_address>
         <size>0x2</size>
         <input_file_ref idref="fl-40"/>
      </object_component>
      <object_component id="oc-f4">
         <name>.reset</name>
         <load_address>0xfffe</load_address>
         <run_address>0xfffe</run_address>
         <size>0x2</size>
         <input_file_ref idref="fl-49"/>
      </object_component>
      <object_component id="oc-26d">
         <name>.debug_info</name>
         <load_address>0x0</load_address>
         <run_address>0x0</run_address>
         <size>0x38c</size>
         <input_file_ref idref="fl-2"/>
      </object_component>
      <object_component id="oc-224">
         <name>.debug_info</name>
         <load_address>0x38c</load_address>
         <run_address>0x38c</run_address>
         <size>0xcb</size>
         <input_file_ref idref="fl-2"/>
      </object_component>
      <object_component id="oc-262">
         <name>.debug_info</name>
         <load_address>0x457</load_address>
         <run_address>0x457</run_address>
         <size>0x2a0</size>
         <input_file_ref idref="fl-2"/>
      </object_component>
      <object_component id="oc-1c7">
         <name>.debug_info</name>
         <load_address>0x6f7</load_address>
         <run_address>0x6f7</run_address>
         <size>0x222</size>
         <input_file_ref idref="fl-2"/>
      </object_component>
      <object_component id="oc-1b5">
         <name>.debug_info</name>
         <load_address>0x919</load_address>
         <run_address>0x919</run_address>
         <size>0x1ab</size>
         <input_file_ref idref="fl-2"/>
      </object_component>
      <object_component id="oc-1cd">
         <name>.debug_info</name>
         <load_address>0xac4</load_address>
         <run_address>0xac4</run_address>
         <size>0x138</size>
         <input_file_ref idref="fl-2"/>
      </object_component>
      <object_component id="oc-2f5">
         <name>.debug_info</name>
         <load_address>0xbfc</load_address>
         <run_address>0xbfc</run_address>
         <size>0x26b</size>
         <input_file_ref idref="fl-2"/>
      </object_component>
      <object_component id="oc-22d">
         <name>.debug_info</name>
         <load_address>0xe67</load_address>
         <run_address>0xe67</run_address>
         <size>0x5e</size>
         <input_file_ref idref="fl-2"/>
      </object_component>
      <object_component id="oc-232">
         <name>.debug_info</name>
         <load_address>0xec5</load_address>
         <run_address>0xec5</run_address>
         <size>0xda</size>
         <input_file_ref idref="fl-2"/>
      </object_component>
      <object_component id="oc-267">
         <name>.debug_info</name>
         <load_address>0xf9f</load_address>
         <run_address>0xf9f</run_address>
         <size>0x8b</size>
         <input_file_ref idref="fl-2"/>
      </object_component>
      <object_component id="oc-2a9">
         <name>.debug_info</name>
         <load_address>0x102a</load_address>
         <run_address>0x102a</run_address>
         <size>0x282</size>
         <input_file_ref idref="fl-2"/>
      </object_component>
      <object_component id="oc-218">
         <name>.debug_info</name>
         <load_address>0x12ac</load_address>
         <run_address>0x12ac</run_address>
         <size>0xbb</size>
         <input_file_ref idref="fl-2"/>
      </object_component>
      <object_component id="oc-188">
         <name>.debug_info</name>
         <load_address>0x1367</load_address>
         <run_address>0x1367</run_address>
         <size>0x19e</size>
         <input_file_ref idref="fl-3"/>
      </object_component>
      <object_component id="oc-10a">
         <name>.debug_info</name>
         <load_address>0x1505</load_address>
         <run_address>0x1505</run_address>
         <size>0x84</size>
         <input_file_ref idref="fl-4"/>
      </object_component>
      <object_component id="oc-2b5">
         <name>.debug_info</name>
         <load_address>0x1589</load_address>
         <run_address>0x1589</run_address>
         <size>0x149</size>
         <input_file_ref idref="fl-a"/>
      </object_component>
      <object_component id="oc-238">
         <name>.debug_info</name>
         <load_address>0x16d2</load_address>
         <run_address>0x16d2</run_address>
         <size>0xdc</size>
         <input_file_ref idref="fl-a"/>
      </object_component>
      <object_component id="oc-1c3">
         <name>.debug_info</name>
         <load_address>0x17ae</load_address>
         <run_address>0x17ae</run_address>
         <size>0x1c8</size>
         <input_file_ref idref="fl-a"/>
      </object_component>
      <object_component id="oc-1d4">
         <name>.debug_info</name>
         <load_address>0x1976</load_address>
         <run_address>0x1976</run_address>
         <size>0x1ca</size>
         <input_file_ref idref="fl-a"/>
      </object_component>
      <object_component id="oc-1bd">
         <name>.debug_info</name>
         <load_address>0x1b40</load_address>
         <run_address>0x1b40</run_address>
         <size>0x1c2</size>
         <input_file_ref idref="fl-a"/>
      </object_component>
      <object_component id="oc-2b2">
         <name>.debug_info</name>
         <load_address>0x1d02</load_address>
         <run_address>0x1d02</run_address>
         <size>0x141</size>
         <input_file_ref idref="fl-d"/>
      </object_component>
      <object_component id="oc-23f">
         <name>.debug_info</name>
         <load_address>0x1e43</load_address>
         <run_address>0x1e43</run_address>
         <size>0x1be</size>
         <input_file_ref idref="fl-d"/>
      </object_component>
      <object_component id="oc-229">
         <name>.debug_info</name>
         <load_address>0x2001</load_address>
         <run_address>0x2001</run_address>
         <size>0x1a8</size>
         <input_file_ref idref="fl-d"/>
      </object_component>
      <object_component id="oc-220">
         <name>.debug_info</name>
         <load_address>0x21a9</load_address>
         <run_address>0x21a9</run_address>
         <size>0x1c9</size>
         <input_file_ref idref="fl-d"/>
      </object_component>
      <object_component id="oc-24b">
         <name>.debug_info</name>
         <load_address>0x2372</load_address>
         <run_address>0x2372</run_address>
         <size>0x21a</size>
         <input_file_ref idref="fl-d"/>
      </object_component>
      <object_component id="oc-245">
         <name>.debug_info</name>
         <load_address>0x258c</load_address>
         <run_address>0x258c</run_address>
         <size>0x1ca</size>
         <input_file_ref idref="fl-d"/>
      </object_component>
      <object_component id="oc-1af">
         <name>.debug_info</name>
         <load_address>0x2756</load_address>
         <run_address>0x2756</run_address>
         <size>0x165</size>
         <input_file_ref idref="fl-11"/>
      </object_component>
      <object_component id="oc-2c8">
         <name>.debug_info</name>
         <load_address>0x28bb</load_address>
         <run_address>0x28bb</run_address>
         <size>0x120</size>
         <input_file_ref idref="fl-2c"/>
      </object_component>
      <object_component id="oc-100">
         <name>.debug_info</name>
         <load_address>0x29db</load_address>
         <run_address>0x29db</run_address>
         <size>0x12e</size>
         <input_file_ref idref="fl-2f"/>
      </object_component>
      <object_component id="oc-2e4">
         <name>.debug_info</name>
         <load_address>0x2b09</load_address>
         <run_address>0x2b09</run_address>
         <size>0x121</size>
         <input_file_ref idref="fl-30"/>
      </object_component>
      <object_component id="oc-271">
         <name>.debug_info</name>
         <load_address>0x2c2a</load_address>
         <run_address>0x2c2a</run_address>
         <size>0x12d</size>
         <input_file_ref idref="fl-31"/>
      </object_component>
      <object_component id="oc-2e9">
         <name>.debug_info</name>
         <load_address>0x2d57</load_address>
         <run_address>0x2d57</run_address>
         <size>0x121</size>
         <input_file_ref idref="fl-32"/>
      </object_component>
      <object_component id="oc-2f0">
         <name>.debug_info</name>
         <load_address>0x2e78</load_address>
         <run_address>0x2e78</run_address>
         <size>0x121</size>
         <input_file_ref idref="fl-33"/>
      </object_component>
      <object_component id="oc-2df">
         <name>.debug_info</name>
         <load_address>0x2f99</load_address>
         <run_address>0x2f99</run_address>
         <size>0x124</size>
         <input_file_ref idref="fl-34"/>
      </object_component>
      <object_component id="oc-11f">
         <name>.debug_info</name>
         <load_address>0x30bd</load_address>
         <run_address>0x30bd</run_address>
         <size>0x10f</size>
         <input_file_ref idref="fl-41"/>
      </object_component>
      <object_component id="oc-f6">
         <name>.debug_info</name>
         <load_address>0x31cc</load_address>
         <run_address>0x31cc</run_address>
         <size>0x120</size>
         <input_file_ref idref="fl-42"/>
      </object_component>
      <object_component id="oc-2b9">
         <name>.debug_info</name>
         <load_address>0x32ec</load_address>
         <run_address>0x32ec</run_address>
         <size>0x126</size>
         <input_file_ref idref="fl-43"/>
      </object_component>
      <object_component id="oc-341">
         <name>.debug_info</name>
         <load_address>0x3412</load_address>
         <run_address>0x3412</run_address>
         <size>0x125</size>
         <input_file_ref idref="fl-47"/>
      </object_component>
      <object_component id="oc-33e">
         <name>.debug_info</name>
         <load_address>0x3537</load_address>
         <run_address>0x3537</run_address>
         <size>0x121</size>
         <input_file_ref idref="fl-48"/>
      </object_component>
      <object_component id="oc-f2">
         <name>.debug_info</name>
         <load_address>0x3658</load_address>
         <run_address>0x3658</run_address>
         <size>0x100</size>
         <input_file_ref idref="fl-49"/>
      </object_component>
      <object_component id="oc-136">
         <name>.debug_info</name>
         <load_address>0x3758</load_address>
         <run_address>0x3758</run_address>
         <size>0x17a</size>
         <input_file_ref idref="fl-49"/>
      </object_component>
      <object_component id="oc-28f">
         <name>.debug_info</name>
         <load_address>0x38d2</load_address>
         <run_address>0x38d2</run_address>
         <size>0x3de</size>
         <input_file_ref idref="fl-4a"/>
      </object_component>
      <object_component id="oc-1e7">
         <name>.debug_info</name>
         <load_address>0x3cb0</load_address>
         <run_address>0x3cb0</run_address>
         <size>0x1e0</size>
         <input_file_ref idref="fl-4a"/>
      </object_component>
      <object_component id="oc-312">
         <name>.debug_info</name>
         <load_address>0x3e90</load_address>
         <run_address>0x3e90</run_address>
         <size>0x39</size>
         <input_file_ref idref="fl-4a"/>
      </object_component>
      <object_component id="oc-323">
         <name>.debug_info</name>
         <load_address>0x3ec9</load_address>
         <run_address>0x3ec9</run_address>
         <size>0x2c</size>
         <input_file_ref idref="fl-4a"/>
      </object_component>
      <object_component id="oc-29a">
         <name>.debug_info</name>
         <load_address>0x3ef5</load_address>
         <run_address>0x3ef5</run_address>
         <size>0x2c</size>
         <input_file_ref idref="fl-4a"/>
      </object_component>
      <object_component id="oc-317">
         <name>.debug_info</name>
         <load_address>0x3f21</load_address>
         <run_address>0x3f21</run_address>
         <size>0xcd</size>
         <input_file_ref idref="fl-4a"/>
      </object_component>
      <object_component id="oc-17d">
         <name>.debug_info</name>
         <load_address>0x3fee</load_address>
         <run_address>0x3fee</run_address>
         <size>0x175</size>
         <input_file_ref idref="fl-4b"/>
      </object_component>
      <object_component id="oc-124">
         <name>.debug_info</name>
         <load_address>0x4163</load_address>
         <run_address>0x4163</run_address>
         <size>0x1d2</size>
         <input_file_ref idref="fl-4b"/>
      </object_component>
      <object_component id="oc-178">
         <name>.debug_info</name>
         <load_address>0x4335</load_address>
         <run_address>0x4335</run_address>
         <size>0x46</size>
         <input_file_ref idref="fl-4b"/>
      </object_component>
      <object_component id="oc-16a">
         <name>.debug_info</name>
         <load_address>0x437b</load_address>
         <run_address>0x437b</run_address>
         <size>0x2c</size>
         <input_file_ref idref="fl-4b"/>
      </object_component>
      <object_component id="oc-181">
         <name>.debug_info</name>
         <load_address>0x43a7</load_address>
         <run_address>0x43a7</run_address>
         <size>0x153</size>
         <input_file_ref idref="fl-4e"/>
      </object_component>
      <object_component id="oc-28c">
         <name>.debug_info</name>
         <load_address>0x44fa</load_address>
         <run_address>0x44fa</run_address>
         <size>0x150</size>
         <input_file_ref idref="fl-4f"/>
      </object_component>
      <object_component id="oc-25d">
         <name>.debug_info</name>
         <load_address>0x464a</load_address>
         <run_address>0x464a</run_address>
         <size>0x16b</size>
         <input_file_ref idref="fl-52"/>
      </object_component>
      <object_component id="oc-2d8">
         <name>.debug_info</name>
         <load_address>0x47b5</load_address>
         <run_address>0x47b5</run_address>
         <size>0x1c0</size>
         <input_file_ref idref="fl-53"/>
      </object_component>
      <object_component id="oc-2d2">
         <name>.debug_info</name>
         <load_address>0x4975</load_address>
         <run_address>0x4975</run_address>
         <size>0x94</size>
         <input_file_ref idref="fl-53"/>
      </object_component>
      <object_component id="oc-24f">
         <name>.debug_info</name>
         <load_address>0x4a09</load_address>
         <run_address>0x4a09</run_address>
         <size>0x166</size>
         <input_file_ref idref="fl-54"/>
      </object_component>
      <object_component id="oc-333">
         <name>.debug_info</name>
         <load_address>0x4b6f</load_address>
         <run_address>0x4b6f</run_address>
         <size>0x16b</size>
         <input_file_ref idref="fl-55"/>
      </object_component>
      <object_component id="oc-2c0">
         <name>.debug_info</name>
         <load_address>0x4cda</load_address>
         <run_address>0x4cda</run_address>
         <size>0x1e3</size>
         <input_file_ref idref="fl-55"/>
      </object_component>
      <object_component id="oc-2d1">
         <name>.debug_info</name>
         <load_address>0x4ebd</load_address>
         <run_address>0x4ebd</run_address>
         <size>0x197</size>
         <input_file_ref idref="fl-56"/>
      </object_component>
      <object_component id="oc-256">
         <name>.debug_info</name>
         <load_address>0x5054</load_address>
         <run_address>0x5054</run_address>
         <size>0x2d2</size>
         <input_file_ref idref="fl-56"/>
      </object_component>
      <object_component id="oc-1db">
         <name>.debug_info</name>
         <load_address>0x5326</load_address>
         <run_address>0x5326</run_address>
         <size>0x122</size>
         <input_file_ref idref="fl-57"/>
      </object_component>
      <object_component id="oc-169">
         <name>.debug_info</name>
         <load_address>0x5448</load_address>
         <run_address>0x5448</run_address>
         <size>0x181</size>
         <input_file_ref idref="fl-5a"/>
      </object_component>
      <object_component id="oc-112">
         <name>.debug_info</name>
         <load_address>0x55c9</load_address>
         <run_address>0x55c9</run_address>
         <size>0x17a</size>
         <input_file_ref idref="fl-5a"/>
      </object_component>
      <object_component id="oc-fc">
         <name>.debug_info</name>
         <load_address>0x5743</load_address>
         <run_address>0x5743</run_address>
         <size>0x120</size>
         <input_file_ref idref="fl-5b"/>
      </object_component>
      <object_component id="oc-351">
         <name>.debug_info</name>
         <load_address>0x5863</load_address>
         <run_address>0x5863</run_address>
         <size>0x120</size>
         <input_file_ref idref="fl-5c"/>
      </object_component>
      <object_component id="oc-32e">
         <name>.debug_info</name>
         <load_address>0x5983</load_address>
         <run_address>0x5983</run_address>
         <size>0x126</size>
         <input_file_ref idref="fl-5c"/>
      </object_component>
      <object_component id="oc-347">
         <name>.debug_info</name>
         <load_address>0x5aa9</load_address>
         <run_address>0x5aa9</run_address>
         <size>0x193</size>
         <input_file_ref idref="fl-5f"/>
      </object_component>
      <object_component id="oc-2cb">
         <name>.debug_info</name>
         <load_address>0x5c3c</load_address>
         <run_address>0x5c3c</run_address>
         <size>0x239</size>
         <input_file_ref idref="fl-60"/>
      </object_component>
      <object_component id="oc-338">
         <name>.debug_info</name>
         <load_address>0x5e75</load_address>
         <run_address>0x5e75</run_address>
         <size>0x193</size>
         <input_file_ref idref="fl-63"/>
      </object_component>
      <object_component id="oc-3ad">
         <name>.debug_info</name>
         <load_address>0x6008</load_address>
         <run_address>0x6008</run_address>
         <size>0x90</size>
      </object_component>
      <object_component id="oc-2f4">
         <name>.debug_line</name>
         <load_address>0x0</load_address>
         <run_address>0x0</run_address>
         <size>0x9a</size>
         <input_file_ref idref="fl-2"/>
      </object_component>
      <object_component id="oc-2b0">
         <name>.debug_line</name>
         <load_address>0x9a</load_address>
         <run_address>0x9a</run_address>
         <size>0x3a</size>
         <input_file_ref idref="fl-2"/>
      </object_component>
      <object_component id="oc-261">
         <name>.debug_line</name>
         <load_address>0xd4</load_address>
         <run_address>0xd4</run_address>
         <size>0x58</size>
         <input_file_ref idref="fl-2"/>
      </object_component>
      <object_component id="oc-1c6">
         <name>.debug_line</name>
         <load_address>0x12c</load_address>
         <run_address>0x12c</run_address>
         <size>0x68</size>
         <input_file_ref idref="fl-2"/>
      </object_component>
      <object_component id="oc-1b4">
         <name>.debug_line</name>
         <load_address>0x194</load_address>
         <run_address>0x194</run_address>
         <size>0x5f</size>
         <input_file_ref idref="fl-2"/>
      </object_component>
      <object_component id="oc-1cc">
         <name>.debug_line</name>
         <load_address>0x1f3</load_address>
         <run_address>0x1f3</run_address>
         <size>0x50</size>
         <input_file_ref idref="fl-2"/>
      </object_component>
      <object_component id="oc-2f8">
         <name>.debug_line</name>
         <load_address>0x243</load_address>
         <run_address>0x243</run_address>
         <size>0x72</size>
         <input_file_ref idref="fl-2"/>
      </object_component>
      <object_component id="oc-230">
         <name>.debug_line</name>
         <load_address>0x2b5</load_address>
         <run_address>0x2b5</run_address>
         <size>0x3c</size>
         <input_file_ref idref="fl-2"/>
      </object_component>
      <object_component id="oc-235">
         <name>.debug_line</name>
         <load_address>0x2f1</load_address>
         <run_address>0x2f1</run_address>
         <size>0x50</size>
         <input_file_ref idref="fl-2"/>
      </object_component>
      <object_component id="oc-26a">
         <name>.debug_line</name>
         <load_address>0x341</load_address>
         <run_address>0x341</run_address>
         <size>0x20</size>
         <input_file_ref idref="fl-2"/>
      </object_component>
      <object_component id="oc-2ac">
         <name>.debug_line</name>
         <load_address>0x361</load_address>
         <run_address>0x361</run_address>
         <size>0x76</size>
         <input_file_ref idref="fl-2"/>
      </object_component>
      <object_component id="oc-21b">
         <name>.debug_line</name>
         <load_address>0x3d7</load_address>
         <run_address>0x3d7</run_address>
         <size>0x73</size>
         <input_file_ref idref="fl-2"/>
      </object_component>
      <object_component id="oc-186">
         <name>.debug_line</name>
         <load_address>0x44a</load_address>
         <run_address>0x44a</run_address>
         <size>0x4c</size>
         <input_file_ref idref="fl-3"/>
      </object_component>
      <object_component id="oc-10d">
         <name>.debug_line</name>
         <load_address>0x496</load_address>
         <run_address>0x496</run_address>
         <size>0x20</size>
         <input_file_ref idref="fl-4"/>
      </object_component>
      <object_component id="oc-32b">
         <name>.debug_line</name>
         <load_address>0x4b6</load_address>
         <run_address>0x4b6</run_address>
         <size>0x20</size>
         <input_file_ref idref="fl-a"/>
      </object_component>
      <object_component id="oc-2b4">
         <name>.debug_line</name>
         <load_address>0x4d6</load_address>
         <run_address>0x4d6</run_address>
         <size>0x37</size>
         <input_file_ref idref="fl-a"/>
      </object_component>
      <object_component id="oc-1c2">
         <name>.debug_line</name>
         <load_address>0x50d</load_address>
         <run_address>0x50d</run_address>
         <size>0x56</size>
         <input_file_ref idref="fl-a"/>
      </object_component>
      <object_component id="oc-1d6">
         <name>.debug_line</name>
         <load_address>0x563</load_address>
         <run_address>0x563</run_address>
         <size>0x56</size>
         <input_file_ref idref="fl-a"/>
      </object_component>
      <object_component id="oc-1bc">
         <name>.debug_line</name>
         <load_address>0x5b9</load_address>
         <run_address>0x5b9</run_address>
         <size>0x58</size>
         <input_file_ref idref="fl-a"/>
      </object_component>
      <object_component id="oc-329">
         <name>.debug_line</name>
         <load_address>0x611</load_address>
         <run_address>0x611</run_address>
         <size>0x20</size>
         <input_file_ref idref="fl-d"/>
      </object_component>
      <object_component id="oc-23e">
         <name>.debug_line</name>
         <load_address>0x631</load_address>
         <run_address>0x631</run_address>
         <size>0x50</size>
         <input_file_ref idref="fl-d"/>
      </object_component>
      <object_component id="oc-227">
         <name>.debug_line</name>
         <load_address>0x681</load_address>
         <run_address>0x681</run_address>
         <size>0x53</size>
         <input_file_ref idref="fl-d"/>
      </object_component>
      <object_component id="oc-21f">
         <name>.debug_line</name>
         <load_address>0x6d4</load_address>
         <run_address>0x6d4</run_address>
         <size>0x54</size>
         <input_file_ref idref="fl-d"/>
      </object_component>
      <object_component id="oc-24a">
         <name>.debug_line</name>
         <load_address>0x728</load_address>
         <run_address>0x728</run_address>
         <size>0x64</size>
         <input_file_ref idref="fl-d"/>
      </object_component>
      <object_component id="oc-244">
         <name>.debug_line</name>
         <load_address>0x78c</load_address>
         <run_address>0x78c</run_address>
         <size>0x50</size>
         <input_file_ref idref="fl-d"/>
      </object_component>
      <object_component id="oc-1ae">
         <name>.debug_line</name>
         <load_address>0x7dc</load_address>
         <run_address>0x7dc</run_address>
         <size>0x4c</size>
         <input_file_ref idref="fl-11"/>
      </object_component>
      <object_component id="oc-2c7">
         <name>.debug_line</name>
         <load_address>0x828</load_address>
         <run_address>0x828</run_address>
         <size>0x4e</size>
         <input_file_ref idref="fl-2c"/>
      </object_component>
      <object_component id="oc-103">
         <name>.debug_line</name>
         <load_address>0x876</load_address>
         <run_address>0x876</run_address>
         <size>0x40</size>
         <input_file_ref idref="fl-2f"/>
      </object_component>
      <object_component id="oc-2e7">
         <name>.debug_line</name>
         <load_address>0x8b6</load_address>
         <run_address>0x8b6</run_address>
         <size>0xbb</size>
         <input_file_ref idref="fl-30"/>
      </object_component>
      <object_component id="oc-273">
         <name>.debug_line</name>
         <load_address>0x971</load_address>
         <run_address>0x971</run_address>
         <size>0x5e</size>
         <input_file_ref idref="fl-31"/>
      </object_component>
      <object_component id="oc-2ec">
         <name>.debug_line</name>
         <load_address>0x9cf</load_address>
         <run_address>0x9cf</run_address>
         <size>0x83</size>
         <input_file_ref idref="fl-32"/>
      </object_component>
      <object_component id="oc-2ee">
         <name>.debug_line</name>
         <load_address>0xa52</load_address>
         <run_address>0xa52</run_address>
         <size>0x94</size>
         <input_file_ref idref="fl-33"/>
      </object_component>
      <object_component id="oc-2e2">
         <name>.debug_line</name>
         <load_address>0xae6</load_address>
         <run_address>0xae6</run_address>
         <size>0x4d</size>
         <input_file_ref idref="fl-34"/>
      </object_component>
      <object_component id="oc-11d">
         <name>.debug_line</name>
         <load_address>0xb33</load_address>
         <run_address>0xb33</run_address>
         <size>0x3d</size>
         <input_file_ref idref="fl-41"/>
      </object_component>
      <object_component id="oc-f9">
         <name>.debug_line</name>
         <load_address>0xb70</load_address>
         <run_address>0xb70</run_address>
         <size>0x4e</size>
         <input_file_ref idref="fl-42"/>
      </object_component>
      <object_component id="oc-2bc">
         <name>.debug_line</name>
         <load_address>0xbbe</load_address>
         <run_address>0xbbe</run_address>
         <size>0x56</size>
         <input_file_ref idref="fl-43"/>
      </object_component>
      <object_component id="oc-344">
         <name>.debug_line</name>
         <load_address>0xc14</load_address>
         <run_address>0xc14</run_address>
         <size>0x53</size>
         <input_file_ref idref="fl-47"/>
      </object_component>
      <object_component id="oc-33d">
         <name>.debug_line</name>
         <load_address>0xc67</load_address>
         <run_address>0xc67</run_address>
         <size>0x63</size>
         <input_file_ref idref="fl-48"/>
      </object_component>
      <object_component id="oc-15e">
         <name>.debug_line</name>
         <load_address>0xcca</load_address>
         <run_address>0xcca</run_address>
         <size>0x2a</size>
         <input_file_ref idref="fl-49"/>
      </object_component>
      <object_component id="oc-138">
         <name>.debug_line</name>
         <load_address>0xcf4</load_address>
         <run_address>0xcf4</run_address>
         <size>0x46</size>
         <input_file_ref idref="fl-49"/>
      </object_component>
      <object_component id="oc-311">
         <name>.debug_line</name>
         <load_address>0xd3a</load_address>
         <run_address>0xd3a</run_address>
         <size>0xbf</size>
         <input_file_ref idref="fl-4a"/>
      </object_component>
      <object_component id="oc-1e5">
         <name>.debug_line</name>
         <load_address>0xdf9</load_address>
         <run_address>0xdf9</run_address>
         <size>0x76</size>
         <input_file_ref idref="fl-4a"/>
      </object_component>
      <object_component id="oc-315">
         <name>.debug_line</name>
         <load_address>0xe6f</load_address>
         <run_address>0xe6f</run_address>
         <size>0x2e</size>
         <input_file_ref idref="fl-4a"/>
      </object_component>
      <object_component id="oc-326">
         <name>.debug_line</name>
         <load_address>0xe9d</load_address>
         <run_address>0xe9d</run_address>
         <size>0x9a</size>
         <input_file_ref idref="fl-4a"/>
      </object_component>
      <object_component id="oc-29d">
         <name>.debug_line</name>
         <load_address>0xf37</load_address>
         <run_address>0xf37</run_address>
         <size>0x97</size>
         <input_file_ref idref="fl-4a"/>
      </object_component>
      <object_component id="oc-31a">
         <name>.debug_line</name>
         <load_address>0xfce</load_address>
         <run_address>0xfce</run_address>
         <size>0x93</size>
         <input_file_ref idref="fl-4a"/>
      </object_component>
      <object_component id="oc-1ab">
         <name>.debug_line</name>
         <load_address>0x1061</load_address>
         <run_address>0x1061</run_address>
         <size>0x20</size>
         <input_file_ref idref="fl-4b"/>
      </object_component>
      <object_component id="oc-126">
         <name>.debug_line</name>
         <load_address>0x1081</load_address>
         <run_address>0x1081</run_address>
         <size>0x4a</size>
         <input_file_ref idref="fl-4b"/>
      </object_component>
      <object_component id="oc-17b">
         <name>.debug_line</name>
         <load_address>0x10cb</load_address>
         <run_address>0x10cb</run_address>
         <size>0x34</size>
         <input_file_ref idref="fl-4b"/>
      </object_component>
      <object_component id="oc-16d">
         <name>.debug_line</name>
         <load_address>0x10ff</load_address>
         <run_address>0x10ff</run_address>
         <size>0x92</size>
         <input_file_ref idref="fl-4b"/>
      </object_component>
      <object_component id="oc-184">
         <name>.debug_line</name>
         <load_address>0x1191</load_address>
         <run_address>0x1191</run_address>
         <size>0x3e</size>
         <input_file_ref idref="fl-4e"/>
      </object_component>
      <object_component id="oc-28a">
         <name>.debug_line</name>
         <load_address>0x11cf</load_address>
         <run_address>0x11cf</run_address>
         <size>0x3a</size>
         <input_file_ref idref="fl-4f"/>
      </object_component>
      <object_component id="oc-25f">
         <name>.debug_line</name>
         <load_address>0x1209</load_address>
         <run_address>0x1209</run_address>
         <size>0x3d</size>
         <input_file_ref idref="fl-52"/>
      </object_component>
      <object_component id="oc-2db">
         <name>.debug_line</name>
         <load_address>0x1246</load_address>
         <run_address>0x1246</run_address>
         <size>0x5a</size>
         <input_file_ref idref="fl-53"/>
      </object_component>
      <object_component id="oc-2d5">
         <name>.debug_line</name>
         <load_address>0x12a0</load_address>
         <run_address>0x12a0</run_address>
         <size>0x2e</size>
         <input_file_ref idref="fl-53"/>
      </object_component>
      <object_component id="oc-252">
         <name>.debug_line</name>
         <load_address>0x12ce</load_address>
         <run_address>0x12ce</run_address>
         <size>0x3d</size>
         <input_file_ref idref="fl-54"/>
      </object_component>
      <object_component id="oc-367">
         <name>.debug_line</name>
         <load_address>0x130b</load_address>
         <run_address>0x130b</run_address>
         <size>0x20</size>
         <input_file_ref idref="fl-55"/>
      </object_component>
      <object_component id="oc-2bf">
         <name>.debug_line</name>
         <load_address>0x132b</load_address>
         <run_address>0x132b</run_address>
         <size>0x71</size>
         <input_file_ref idref="fl-55"/>
      </object_component>
      <object_component id="oc-34d">
         <name>.debug_line</name>
         <load_address>0x139c</load_address>
         <run_address>0x139c</run_address>
         <size>0x2d</size>
         <input_file_ref idref="fl-56"/>
      </object_component>
      <object_component id="oc-255">
         <name>.debug_line</name>
         <load_address>0x13c9</load_address>
         <run_address>0x13c9</run_address>
         <size>0xf0</size>
         <input_file_ref idref="fl-56"/>
      </object_component>
      <object_component id="oc-1d9">
         <name>.debug_line</name>
         <load_address>0x14b9</load_address>
         <run_address>0x14b9</run_address>
         <size>0x3d</size>
         <input_file_ref idref="fl-57"/>
      </object_component>
      <object_component id="oc-1a9">
         <name>.debug_line</name>
         <load_address>0x14f6</load_address>
         <run_address>0x14f6</run_address>
         <size>0x20</size>
         <input_file_ref idref="fl-5a"/>
      </object_component>
      <object_component id="oc-110">
         <name>.debug_line</name>
         <load_address>0x1516</load_address>
         <run_address>0x1516</run_address>
         <size>0x42</size>
         <input_file_ref idref="fl-5a"/>
      </object_component>
      <object_component id="oc-fb">
         <name>.debug_line</name>
         <load_address>0x1558</load_address>
         <run_address>0x1558</run_address>
         <size>0x5e</size>
         <input_file_ref idref="fl-5b"/>
      </object_component>
      <object_component id="oc-34f">
         <name>.debug_line</name>
         <load_address>0x15b6</load_address>
         <run_address>0x15b6</run_address>
         <size>0x42</size>
         <input_file_ref idref="fl-5c"/>
      </object_component>
      <object_component id="oc-331">
         <name>.debug_line</name>
         <load_address>0x15f8</load_address>
         <run_address>0x15f8</run_address>
         <size>0x65</size>
         <input_file_ref idref="fl-5c"/>
      </object_component>
      <object_component id="oc-346">
         <name>.debug_line</name>
         <load_address>0x165d</load_address>
         <run_address>0x165d</run_address>
         <size>0x53</size>
         <input_file_ref idref="fl-5f"/>
      </object_component>
      <object_component id="oc-2ce">
         <name>.debug_line</name>
         <load_address>0x16b0</load_address>
         <run_address>0x16b0</run_address>
         <size>0x65</size>
         <input_file_ref idref="fl-60"/>
      </object_component>
      <object_component id="oc-337">
         <name>.debug_line</name>
         <load_address>0x1715</load_address>
         <run_address>0x1715</run_address>
         <size>0x53</size>
         <input_file_ref idref="fl-63"/>
      </object_component>
      <object_component id="oc-265">
         <name>.debug_frame</name>
         <load_address>0x0</load_address>
         <run_address>0x0</run_address>
         <size>0x60</size>
         <input_file_ref idref="fl-2"/>
      </object_component>
      <object_component id="oc-1ca">
         <name>.debug_frame</name>
         <load_address>0x60</load_address>
         <run_address>0x60</run_address>
         <size>0x48</size>
         <input_file_ref idref="fl-2"/>
      </object_component>
      <object_component id="oc-1b8">
         <name>.debug_frame</name>
         <load_address>0xa8</load_address>
         <run_address>0xa8</run_address>
         <size>0x40</size>
         <input_file_ref idref="fl-2"/>
      </object_component>
      <object_component id="oc-1d0">
         <name>.debug_frame</name>
         <load_address>0xe8</load_address>
         <run_address>0xe8</run_address>
         <size>0x3c</size>
         <input_file_ref idref="fl-2"/>
      </object_component>
      <object_component id="oc-187">
         <name>.debug_frame</name>
         <load_address>0x124</load_address>
         <run_address>0x124</run_address>
         <size>0x3c</size>
         <input_file_ref idref="fl-3"/>
      </object_component>
      <object_component id="oc-1c1">
         <name>.debug_frame</name>
         <load_address>0x160</load_address>
         <run_address>0x160</run_address>
         <size>0x3c</size>
         <input_file_ref idref="fl-a"/>
      </object_component>
      <object_component id="oc-1d3">
         <name>.debug_frame</name>
         <load_address>0x19c</load_address>
         <run_address>0x19c</run_address>
         <size>0x3c</size>
         <input_file_ref idref="fl-a"/>
      </object_component>
      <object_component id="oc-1ba">
         <name>.debug_frame</name>
         <load_address>0x1d8</load_address>
         <run_address>0x1d8</run_address>
         <size>0x3c</size>
         <input_file_ref idref="fl-a"/>
      </object_component>
      <object_component id="oc-23d">
         <name>.debug_frame</name>
         <load_address>0x214</load_address>
         <run_address>0x214</run_address>
         <size>0x3c</size>
         <input_file_ref idref="fl-d"/>
      </object_component>
      <object_component id="oc-228">
         <name>.debug_frame</name>
         <load_address>0x250</load_address>
         <run_address>0x250</run_address>
         <size>0x3c</size>
         <input_file_ref idref="fl-d"/>
      </object_component>
      <object_component id="oc-21e">
         <name>.debug_frame</name>
         <load_address>0x28c</load_address>
         <run_address>0x28c</run_address>
         <size>0x3c</size>
         <input_file_ref idref="fl-d"/>
      </object_component>
      <object_component id="oc-249">
         <name>.debug_frame</name>
         <load_address>0x2c8</load_address>
         <run_address>0x2c8</run_address>
         <size>0x40</size>
         <input_file_ref idref="fl-d"/>
      </object_component>
      <object_component id="oc-243">
         <name>.debug_frame</name>
         <load_address>0x308</load_address>
         <run_address>0x308</run_address>
         <size>0x3c</size>
         <input_file_ref idref="fl-d"/>
      </object_component>
      <object_component id="oc-1b2">
         <name>.debug_frame</name>
         <load_address>0x344</load_address>
         <run_address>0x344</run_address>
         <size>0x3c</size>
         <input_file_ref idref="fl-11"/>
      </object_component>
      <object_component id="oc-134">
         <name>.debug_frame</name>
         <load_address>0x380</load_address>
         <run_address>0x380</run_address>
         <size>0x34</size>
         <input_file_ref idref="fl-49"/>
      </object_component>
      <object_component id="oc-1e6">
         <name>.debug_frame</name>
         <load_address>0x3b4</load_address>
         <run_address>0x3b4</run_address>
         <size>0x44</size>
         <input_file_ref idref="fl-4a"/>
      </object_component>
      <object_component id="oc-123">
         <name>.debug_frame</name>
         <load_address>0x3f8</load_address>
         <run_address>0x3f8</run_address>
         <size>0x3c</size>
         <input_file_ref idref="fl-4b"/>
      </object_component>
      <object_component id="oc-183">
         <name>.debug_frame</name>
         <load_address>0x434</load_address>
         <run_address>0x434</run_address>
         <size>0x3c</size>
         <input_file_ref idref="fl-4e"/>
      </object_component>
      <object_component id="oc-28b">
         <name>.debug_frame</name>
         <load_address>0x470</load_address>
         <run_address>0x470</run_address>
         <size>0x3c</size>
         <input_file_ref idref="fl-4f"/>
      </object_component>
      <object_component id="oc-25b">
         <name>.debug_frame</name>
         <load_address>0x4ac</load_address>
         <run_address>0x4ac</run_address>
         <size>0x3c</size>
         <input_file_ref idref="fl-52"/>
      </object_component>
      <object_component id="oc-2dc">
         <name>.debug_frame</name>
         <load_address>0x4e8</load_address>
         <run_address>0x4e8</run_address>
         <size>0x44</size>
         <input_file_ref idref="fl-53"/>
      </object_component>
      <object_component id="oc-253">
         <name>.debug_frame</name>
         <load_address>0x52c</load_address>
         <run_address>0x52c</run_address>
         <size>0x3c</size>
         <input_file_ref idref="fl-54"/>
      </object_component>
      <object_component id="oc-2c3">
         <name>.debug_frame</name>
         <load_address>0x568</load_address>
         <run_address>0x568</run_address>
         <size>0x44</size>
         <input_file_ref idref="fl-55"/>
      </object_component>
      <object_component id="oc-259">
         <name>.debug_frame</name>
         <load_address>0x5ac</load_address>
         <run_address>0x5ac</run_address>
         <size>0x68</size>
         <input_file_ref idref="fl-56"/>
      </object_component>
      <object_component id="oc-1da">
         <name>.debug_frame</name>
         <load_address>0x614</load_address>
         <run_address>0x614</run_address>
         <size>0x3c</size>
         <input_file_ref idref="fl-57"/>
      </object_component>
      <object_component id="oc-111">
         <name>.debug_frame</name>
         <load_address>0x650</load_address>
         <run_address>0x650</run_address>
         <size>0x3c</size>
         <input_file_ref idref="fl-5a"/>
      </object_component>
      <object_component id="oc-34a">
         <name>.debug_frame</name>
         <load_address>0x68c</load_address>
         <run_address>0x68c</run_address>
         <size>0x44</size>
         <input_file_ref idref="fl-5f"/>
      </object_component>
      <object_component id="oc-2cf">
         <name>.debug_frame</name>
         <load_address>0x6d0</load_address>
         <run_address>0x6d0</run_address>
         <size>0x64</size>
         <input_file_ref idref="fl-60"/>
      </object_component>
      <object_component id="oc-33a">
         <name>.debug_frame</name>
         <load_address>0x734</load_address>
         <run_address>0x734</run_address>
         <size>0x44</size>
         <input_file_ref idref="fl-63"/>
      </object_component>
      <object_component id="oc-2f3">
         <name>.debug_abbrev</name>
         <load_address>0x0</load_address>
         <run_address>0x0</run_address>
         <size>0xa6</size>
         <input_file_ref idref="fl-2"/>
      </object_component>
      <object_component id="oc-2af">
         <name>.debug_abbrev</name>
         <load_address>0xa6</load_address>
         <run_address>0xa6</run_address>
         <size>0x27</size>
         <input_file_ref idref="fl-2"/>
      </object_component>
      <object_component id="oc-2f2">
         <name>.debug_abbrev</name>
         <load_address>0xcd</load_address>
         <run_address>0xcd</run_address>
         <size>0x7c</size>
         <input_file_ref idref="fl-2"/>
      </object_component>
      <object_component id="oc-266">
         <name>.debug_abbrev</name>
         <load_address>0x149</load_address>
         <run_address>0x149</run_address>
         <size>0x6e</size>
         <input_file_ref idref="fl-2"/>
      </object_component>
      <object_component id="oc-22c">
         <name>.debug_abbrev</name>
         <load_address>0x1b7</load_address>
         <run_address>0x1b7</run_address>
         <size>0x6e</size>
         <input_file_ref idref="fl-2"/>
      </object_component>
      <object_component id="oc-274">
         <name>.debug_abbrev</name>
         <load_address>0x225</load_address>
         <run_address>0x225</run_address>
[...]
      </symbol>
      <symbol id="sm-1b3">
         <name>__mspabi_srai_7</name>
         <value>0x8d60</value>
         <object_component_ref idref="oc-2c5"/>
      </symbol>
      <symbol id="sm-1b4">
         <name>__mspabi_srai_4</name>
         <value>0x8d66</value>
         <object_component_ref idref="oc-2c5"/>
      </symbol>
      <symbol id="sm-1b5">
         <name>__mspabi_srai_5</name>
         <value>0x8d64</value>
         <object_component_ref idref="oc-2c5"/>
      </symbol>
      <symbol id="sm-1b6">
         <name>__mspabi_srai_2</name>
         <value>0x8d6a</value>
         <object_component_ref idref="oc-2c5"/>
      </symbol>
      <symbol id="sm-1b7">
         <name>__mspabi_srai_3</name>
         <value>0x8d68</value>
         <object_component_ref idref="oc-2c5"/>
      </symbol>
      <symbol id="sm-1b8">
         <name>__mspabi_srai_1</name>
         <value>0x8d6c</value>
         <object_component_ref idref="oc-2c5"/>
      </symbol>
      <symbol id="sm-1b9">
         <name>__mspabi_srai_15</name>
         <value>0x8d50</value>
         <object_component_ref idref="oc-2c5"/>
      </symbol>
      <symbol id="sm-1ba">
         <name>__mspabi_srai_14</name>
         <value>0x8d52</value>
         <object_component_ref idref="oc-2c5"/>
      </symbol>
      <symbol id="sm-1bb">
         <name>__mspabi_srai_13</name>
         <value>0x8d54</value>
         <object_component_ref idref="oc-2c5"/>
      </symbol>
      <symbol id="sm-1bc">
         <name>__mspabi_srai_12</name>
         <value>0x8d56</value>
         <object_component_ref idref="oc-2c5"/>
      </symbol>
      <symbol id="sm-1bd">
         <name>__mspabi_srai_11</name>
         <value>0x8d58</value>
         <object_component_ref idref="oc-2c5"/>
      </symbol>
      <symbol id="sm-1be">
         <name>__mspabi_srai_10</name>
         <value>0x8d5a</value>
         <object_component_ref idref="oc-2c5"/>
      </symbol>
      <symbol id="sm-1c9">
         <name>__mspabi_func_epilog_2</name>
         <value>0x8efc</value>
         <object_component_ref idref="oc-ff"/>
      </symbol>
      <symbol id="sm-1ca">
         <name>__mspabi_func_epilog_3</name>
         <value>0x8efa</value>
         <object_component_ref idref="oc-ff"/>
      </symbol>
      <symbol id="sm-1cb">
         <name>__mspabi_func_epilog_1</name>
         <value>0x8efe</value>
         <object_component_ref idref="oc-ff"/>
      </symbol>
      <symbol id="sm-1cc">
         <name>__mspabi_func_epilog_6</name>
         <value>0x8ef4</value>
         <object_component_ref idref="oc-ff"/>
      </symbol>
      <symbol id="sm-1cd">
         <name>__mspabi_func_epilog_7</name>
         <value>0x8ef2</value>
         <object_component_ref idref="oc-ff"/>
      </symbol>
      <symbol id="sm-1ce">
         <name>__mspabi_func_epilog_4</name>
         <value>0x8ef8</value>
         <object_component_ref idref="oc-ff"/>
      </symbol>
      <symbol id="sm-1cf">
         <name>__mspabi_func_epilog_5</name>
         <value>0x8ef6</value>
         <object_component_ref idref="oc-ff"/>
      </symbol>
      <symbol id="sm-1ea">
         <name>__mspabi_subf</name>
         <value>0x8432</value>
         <object_component_ref idref="oc-2e3"/>
      </symbol>
      <symbol id="sm-1eb">
         <name>__mspabi_addf</name>
         <value>0x8438</value>
         <object_component_ref idref="oc-2e3"/>
      </symbol>
      <symbol id="sm-1fb">
         <name>__mspabi_cmpf</name>
         <value>0x8b64</value>
         <object_component_ref idref="oc-26f"/>
      </symbol>
      <symbol id="sm-20d">
         <name>__mspabi_divf</name>
         <value>0x86c8</value>
         <object_component_ref idref="oc-2e8"/>
      </symbol>
      <symbol id="sm-224">
         <name>__mspabi_mpyf</name>
         <value>0x8564</value>
         <object_component_ref idref="oc-2ed"/>
      </symbol>
      <symbol id="sm-22f">
         <name>__mspabi_fltuf</name>
         <value>0x8dc0</value>
         <object_component_ref idref="oc-2de"/>
      </symbol>
      <symbol id="sm-232">
         <name>__TI_int01</name>
         <value>0xffe2</value>
         <object_component_ref idref="oc-3c"/>
      </symbol>
      <symbol id="sm-235">
         <name>__TI_int04</name>
         <value>0xffe8</value>
         <object_component_ref idref="oc-3d"/>
      </symbol>
      <symbol id="sm-238">
         <name>__TI_int05</name>
         <value>0xffea</value>
         <object_component_ref idref="oc-3e"/>
      </symbol>
      <symbol id="sm-23b">
         <name>__TI_int06</name>
         <value>0xffec</value>
         <object_component_ref idref="oc-3f"/>
      </symbol>
      <symbol id="sm-23e">
         <name>__TI_int07</name>
         <value>0xffee</value>
         <object_component_ref idref="oc-40"/>
      </symbol>
      <symbol id="sm-241">
         <name>__TI_int08</name>
         <value>0xfff0</value>
         <object_component_ref idref="oc-41"/>
      </symbol>
      <symbol id="sm-244">
         <name>__TI_int09</name>
         <value>0xfff2</value>
         <object_component_ref idref="oc-42"/>
      </symbol>
      <symbol id="sm-247">
         <name>__TI_int10</name>
         <value>0xfff4</value>
         <object_component_ref idref="oc-43"/>
      </symbol>
      <symbol id="sm-24a">
         <name>__TI_int11</name>
         <value>0xfff6</value>
         <object_component_ref idref="oc-44"/>
      </symbol>
      <symbol id="sm-24d">
         <name>__TI_int12</name>
         <value>0xfff8</value>
         <object_component_ref idref="oc-45"/>
      </symbol>
      <symbol id="sm-250">
         <name>__TI_int13</name>
         <value>0xfffa</value>
         <object_component_ref idref="oc-46"/>
      </symbol>
      <symbol id="sm-253">
         <name>__TI_int14</name>
         <value>0xfffc</value>
         <object_component_ref idref="oc-47"/>
      </symbol>
      <symbol id="sm-25b">
         <name>__TI_ISR_TRAP</name>
         <value>0x8f02</value>
         <object_component_ref idref="oc-11c"/>
      </symbol>
      <symbol id="sm-263">
         <name>__mspabi_slli</name>
         <value>0x8d70</value>
         <object_component_ref idref="oc-f5"/>
      </symbol>
      <symbol id="sm-264">
         <name>__mspabi_slli_9</name>
         <value>0x8d88</value>
         <object_component_ref idref="oc-f5"/>
      </symbol>
      <symbol id="sm-265">
         <name>__mspabi_slli_8</name>
         <value>0x8d8a</value>
         <object_component_ref idref="oc-f5"/>
      </symbol>
      <symbol id="sm-266">
         <name>__mspabi_slli_7</name>
         <value>0x8d8c</value>
         <object_component_ref idref="oc-f5"/>
      </symbol>
      <symbol id="sm-267">
         <name>__mspabi_slli_6</name>
         <value>0x8d8e</value>
         <object_component_ref idref="oc-f5"/>
      </symbol>
      <symbol id="sm-268">
         <name>__mspabi_slli_5</name>
         <value>0x8d90</value>
         <object_component_ref idref="oc-f5"/>
      </symbol>
      <symbol id="sm-269">
         <name>__mspabi_slli_4</name>
         <value>0x8d92</value>
         <object_component_ref idref="oc-f5"/>
      </symbol>
      <symbol id="sm-26a">
         <name>__mspabi_slli_3</name>
         <value>0x8d94</value>
         <object_component_ref idref="oc-f5"/>
      </symbol>
      <symbol id="sm-26b">
         <name>__mspabi_slli_2</name>
         <value>0x8d96</value>
         <object_component_ref idref="oc-f5"/>
      </symbol>
      <symbol id="sm-26c">
         <name>__mspabi_slli_1</name>
         <value>0x8d98</value>
         <object_component_ref idref="oc-f5"/>
      </symbol>
      <symbol id="sm-26d">
         <name>__mspabi_slli_15</name>
         <value>0x8d7c</value>
         <object_component_ref idref="oc-f5"/>
      </symbol>
      <symbol id="sm-26e">
         <name>__mspabi_slli_14</name>
         <value>0x8d7e</value>
         <object_component_ref idref="oc-f5"/>
      </symbol>
      <symbol id="sm-26f">
         <name>__mspabi_slli_13</name>
         <value>0x8d80</value>
         <object_component_ref idref="oc-f5"/>
      </symbol>
      <symbol id="sm-270">
         <name>__mspabi_slli_12</name>
         <value>0x8d82</value>
         <object_component_ref idref="oc-f5"/>
      </symbol>
      <symbol id="sm-271">
         <name>__mspabi_slli_11</name>
         <value>0x8d84</value>
         <object_component_ref idref="oc-f5"/>
      </symbol>
      <symbol id="sm-272">
         <name>__mspabi_slli_10</name>
         <value>0x8d86</value>
         <object_component_ref idref="oc-f5"/>
      </symbol>
      <symbol id="sm-27a">
         <name>__mspabi_slll_9</name>
         <value>0x8d1e</value>
         <object_component_ref idref="oc-2b8"/>
      </symbol>
      <symbol id="sm-27b">
         <name>__mspabi_slll_8</name>
         <value>0x8d22</value>
         <object_component_ref idref="oc-2b8"/>
      </symbol>
      <symbol id="sm-27c">
         <name>__mspabi_slll_7</name>
         <value>0x8d26</value>
         <object_component_ref idref="oc-2b8"/>
      </symbol>
      <symbol id="sm-27d">
         <name>__mspabi_slll_6</name>
         <value>0x8d2a</value>
         <object_component_ref idref="oc-2b8"/>
      </symbol>
      <symbol id="sm-27e">
         <name>__mspabi_slll_5</name>
         <value>0x8d2e</value>
         <object_component_ref idref="oc-2b8"/>
      </symbol>
      <symbol id="sm-27f">
         <name>__mspabi_slll_4</name>
         <value>0x8d32</value>
         <object_component_ref idref="oc-2b8"/>
      </symbol>
      <symbol id="sm-280">
         <name>__mspabi_slll_3</name>
         <value>0x8d36</value>
         <object_component_ref idref="oc-2b8"/>
      </symbol>
      <symbol id="sm-281">
         <name>__mspabi_slll_2</name>
         <value>0x8d3a</value>
         <object_component_ref idref="oc-2b8"/>
      </symbol>
      <symbol id="sm-282">
         <name>__mspabi_slll_1</name>
         <value>0x8d3e</value>
         <object_component_ref idref="oc-2b8"/>
      </symbol>
      <symbol id="sm-283">
         <name>__mspabi_slll_15</name>
         <value>0x8d06</value>
         <object_component_ref idref="oc-2b8"/>
      </symbol>
      <symbol id="sm-284">
         <name>__mspabi_slll_14</name>
         <value>0x8d0a</value>
         <object_component_ref idref="oc-2b8"/>
      </symbol>
      <symbol id="sm-285">
         <name>__mspabi_slll_13</name>
         <value>0x8d0e</value>
         <object_component_ref idref="oc-2b8"/>
      </symbol>
      <symbol id="sm-286">
         <name>__mspabi_slll_12</name>
         <value>0x8d12</value>
         <object_component_ref idref="oc-2b8"/>
      </symbol>
      <symbol id="sm-287">
         <name>__mspabi_slll_11</name>
         <value>0x8d16</value>
         <object_component_ref idref="oc-2b8"/>
      </symbol>
      <symbol id="sm-288">
         <name>__mspabi_slll_10</name>
         <value>0x8d1a</value>
         <object_component_ref idref="oc-2b8"/>
      </symbol>
      <symbol id="sm-293">
         <name>__mspabi_mpyull_hw</name>
         <value>0x8b1a</value>
         <object_component_ref idref="oc-340"/>
      </symbol>
      <symbol id="sm-29b">
         <name>__mspabi_mpyll_hw</name>
         <value>0x8764</value>
         <object_component_ref idref="oc-33b"/>
      </symbol>
      <symbol id="sm-2ab">
         <name>_stack</name>
         <value>0x9b0</value>
         <object_component_ref idref="oc-f1"/>
      </symbol>
      <symbol id="sm-2ac">
         <name>_c_int00_noargs</name>
         <value>0x8e22</value>
         <object_component_ref idref="oc-133"/>
      </symbol>
      <symbol id="sm-2ad">
         <name>_reset_vector</name>
         <value>0xfffe</value>
         <object_component_ref idref="oc-f4"/>
      </symbol>
      <symbol id="sm-2cf">
         <name>__TI_auto_init_nobinit_nopinit</name>
         <value>0x8cc4</value>
         <object_component_ref idref="oc-1e4"/>
      </symbol>
      <symbol id="sm-2e7">
         <name>__TI_zero_init_nomemset</name>
         <value>0x8e96</value>
         <object_component_ref idref="oc-121"/>
      </symbol>
      <symbol id="sm-2f2">
         <name>_system_pre_init</name>
         <value>0x8f16</value>
         <object_component_ref idref="oc-17f"/>
      </symbol>
      <symbol id="sm-2fb">
         <name>_system_post_cinit</name>
         <value>0x8f1a</value>
         <object_component_ref idref="oc-288"/>
      </symbol>
      <symbol id="sm-308">
         <name>__mspabi_fixdu</name>
         <value>0x8ebc</value>
         <object_component_ref idref="oc-25a"/>
      </symbol>
      <symbol id="sm-31d">
         <name>__mspabi_fixdul</name>
         <value>0x898c</value>
         <object_component_ref idref="oc-2d7"/>
      </symbol>
      <symbol id="sm-326">
         <name>__mspabi_fltud</name>
         <value>0x8f0a</value>
         <object_component_ref idref="oc-24e"/>
      </symbol>
      <symbol id="sm-33b">
         <name>__mspabi_fltuld</name>
         <value>0x8886</value>
         <object_component_ref idref="oc-2be"/>
      </symbol>
      <symbol id="sm-361">
         <name>__mspabi_mpyd</name>
         <value>0x8000</value>
         <object_component_ref idref="oc-254"/>
      </symbol>
      <symbol id="sm-36b">
         <name>C$$EXIT</name>
         <value>0x8f10</value>
         <object_component_ref idref="oc-1d8"/>
      </symbol>
      <symbol id="sm-36c">
         <name>abort</name>
         <value>0x8f10</value>
         <object_component_ref idref="oc-1d8"/>
      </symbol>
      <symbol id="sm-37c">
         <name>memcpy</name>
         <value>0x8ee0</value>
         <object_component_ref idref="oc-10f"/>
      </symbol>
      <symbol id="sm-384">
         <name>__mspabi_srli_8</name>
         <value>0x8af8</value>
         <object_component_ref idref="oc-fa"/>
      </symbol>
      <symbol id="sm-385">
         <name>__mspabi_srli_9</name>
         <value>0x8af4</value>
         <object_component_ref idref="oc-fa"/>
      </symbol>
      <symbol id="sm-386">
         <name>__mspabi_srli_6</name>
         <value>0x8b00</value>
         <object_component_ref idref="oc-fa"/>
      </symbol>
      <symbol id="sm-387">
         <name>__mspabi_srli_7</name>
         <value>0x8afc</value>
         <object_component_ref idref="oc-fa"/>
      </symbol>
      <symbol id="sm-388">
         <name>__mspabi_srli_4</name>
         <value>0x8b08</value>
         <object_component_ref idref="oc-fa"/>
      </symbol>
      <symbol id="sm-389">
         <name>__mspabi_srli_5</name>
         <value>0x8b04</value>
         <object_component_ref idref="oc-fa"/>
      </symbol>
      <symbol id="sm-38a">
         <name>__mspabi_srli_2</name>
         <value>0x8b10</value>
         <object_component_ref idref="oc-fa"/>
      </symbol>
      <symbol id="sm-38b">
         <name>__mspabi_srli_3</name>
         <value>0x8b0c</value>
         <object_component_ref idref="oc-fa"/>
      </symbol>
      <symbol id="sm-38c">
         <name>__mspabi_srli_1</name>
         <value>0x8b14</value>
         <object_component_ref idref="oc-fa"/>
      </symbol>
      <symbol id="sm-38d">
         <name>__mspabi_srli</name>
         <value>0x8ace</value>
         <object_component_ref idref="oc-fa"/>
      </symbol>
      <symbol id="sm-38e">
         <name>__mspabi_srli_15</name>
         <value>0x8adc</value>
         <object_component_ref idref="oc-fa"/>
      </symbol>
      <symbol id="sm-38f">
         <name>__mspabi_srli_14</name>
         <value>0x8ae0</value>
         <object_component_ref idref="oc-fa"/>
      </symbol>
      <symbol id="sm-390">
         <name>__mspabi_srli_13</name>
         <value>0x8ae4</value>
         <object_component_ref idref="oc-fa"/>
      </symbol>
      <symbol id="sm-391">
         <name>__mspabi_srli_12</name>
         <value>0x8ae8</value>
         <object_component_ref idref="oc-fa"/>
      </symbol>
      <symbol id="sm-392">
         <name>__mspabi_srli_11</name>
         <value>0x8aec</value>
         <object_component_ref idref="oc-fa"/>
      </symbol>
      <symbol id="sm-393">
         <name>__mspabi_srli_10</name>
         <value>0x8af0</value>
         <object_component_ref idref="oc-fa"/>
      </symbol>
      <symbol id="sm-3a3">
         <name>__mspabi_srll_8</name>
         <value>0x8a9c</value>
         <object_component_ref idref="oc-32d"/>
      </symbol>
      <symbol id="sm-3a4">
         <name>__mspabi_srll_9</name>
         <value>0x8a96</value>
         <object_component_ref idref="oc-32d"/>
      </symbol>
      <symbol id="sm-3a5">
         <name>__mspabi_srll_6</name>
         <value>0x8aa8</value>
         <object_component_ref idref="oc-32d"/>
      </symbol>
      <symbol id="sm-3a6">
         <name>__mspabi_srll_7</name>
         <value>0x8aa2</value>
         <object_component_ref idref="oc-32d"/>
      </symbol>
      <symbol id="sm-3a7">
         <name>__mspabi_srll_4</name>
         <value>0x8ab4</value>
         <object_component_ref idref="oc-32d"/>
      </symbol>
      <symbol id="sm-3a8">
         <name>__mspabi_srll_5</name>
         <value>0x8aae</value>
         <object_component_ref idref="oc-32d"/>
      </symbol>
      <symbol id="sm-3a9">
         <name>__mspabi_srll_2</name>
         <value>0x8ac0</value>
         <object_component_ref idref="oc-32d"/>
      </symbol>
      <symbol id="sm-3aa">
         <name>__mspabi_srll_3</name>
         <value>0x8aba</value>
         <object_component_ref idref="oc-32d"/>
      </symbol>
      <symbol id="sm-3ab">
         <name>__mspabi_srll_1</name>
         <value>0x8ac6</value>
         <object_component_ref idref="oc-32d"/>
      </symbol>
      <symbol id="sm-3ac">
         <name>__mspabi_srll_15</name>
         <value>0x8a72</value>
         <object_component_ref idref="oc-32d"/>
      </symbol>
      <symbol id="sm-3ad">
         <name>__mspabi_srll_14</name>
         <value>0x8a78</value>
         <object_component_ref idref="oc-32d"/>
      </symbol>
      <symbol id="sm-3ae">
         <name>__mspabi_srll_13</name>
         <value>0x8a7e</value>
         <object_component_ref idref="oc-32d"/>
      </symbol>
      <symbol id="sm-3af">
         <name>__mspabi_srll_12</name>
         <value>0x8a84</value>
         <object_component_ref idref="oc-32d"/>
      </symbol>
      <symbol id="sm-3b0">
         <name>__mspabi_srll_11</name>
         <value>0x8a8a</value>
         <object_component_ref idref="oc-32d"/>
      </symbol>
      <symbol id="sm-3b1">
         <name>__mspabi_srll_10</name>
         <value>0x8a90</value>
         <object_component_ref idref="oc-32d"/>
      </symbol>
      <symbol id="sm-3b2">
         <name>__mspabi_srll</name>
         <value>0x8ece</value>
         <object_component_ref idref="oc-34e"/>
      </symbol>
      <symbol id="sm-3c1">
         <name>__mspabi_srlll</name>
         <value>0x8bf4</value>
         <object_component_ref idref="oc-345"/>
      </symbol>
      <symbol id="sm-3cc">
         <name>__TI_frcmpyd</name>
         <value>0x82c0</value>
         <object_component_ref idref="oc-2ca"/>
      </symbol>
      <symbol id="sm-3db">
         <name>__mspabi_sllll</name>
         <value>0x8c80</value>
         <object_component_ref idref="oc-335"/>
      </symbol>
   </symbol_table>
   <title>Link successful</title>
</link_info>
