******************************************************************************
                  MSP430 Linker PC v21.6.1                     
******************************************************************************
>> Linked Tue Oct 31 15:53:33 2023

OUTPUT FILE NAME:   <Batterygauge.out>
ENTRY POINT SYMBOL: "_c_int00_noargs"  address: 00008e22


MEMORY CONFIGURATION

         name            origin    length      used     unused   attr    fill
----------------------  --------  ---------  --------  --------  ----  --------
  SFR                   00000000   00000010  00000000  00000010  RWIX
  PERIPHERALS_8BIT      00000010   000000f0  00000000  000000f0  RWIX
  PERIPHERALS_16BIT     00000100   00000100  00000000  00000100  RWIX
  RAM                   00000200   00000800  00000054  000007ac  RWIX
  INFOA                 00001000   00000400  00000000  00000400  RWIX
  FLASH                 00008000   00007fdc  00000f4e  0000708e  RWIX
  JTAGSIGNATURE         0000ffdc   00000004  00000004  00000000  RWIX  ffff 
  INT00                 0000ffe0   00000002  00000000  00000002  RWIX
  INT01                 0000ffe2   00000002  00000002  00000000  RWIX
  INT02                 0000ffe4   00000002  00000000  00000002  RWIX
  INT03                 0000ffe6   00000002  00000000  00000002  RWIX
  INT04                 0000ffe8   00000002  00000002  00000000  RWIX
  INT05                 0000ffea   00000002  00000002  00000000  RWIX
  INT06                 0000ffec   00000002  00000002  00000000  RWIX
  INT07                 0000ffee   00000002  00000002  00000000  RWIX
  INT08                 0000fff0   00000002  00000002  00000000  RWIX
  INT09                 0000fff2   00000002  00000002  00000000  RWIX
  INT10                 0000fff4   00000002  00000002  00000000  RWIX
  INT11                 0000fff6   00000002  00000002  00000000  RWIX
  INT12                 0000fff8   00000002  00000002  00000000  RWIX
  INT13                 0000fffa   00000002  00000002  00000000  RWIX
  INT14                 0000fffc   00000002  00000002  00000000  RWIX
  RESET                 0000fffe   00000002  00000002  00000000  RWIX


SECTION ALLOCATION MAP

 output                                  attributes/
section   page    origin      length       input sections
--------  ----  ----------  ----------   ----------------
.bss       0    00000200    00000004     UNINITIALIZED
                  00000200    00000004     (.common:Batt_Volt_Mapped)

.stack     0    000009b0    00000050     UNINITIALIZED
                  000009b0    00000002     rts430_eabi.lib : boot.c.obj (.stack)
                  000009b2    0000004e     --HOLE--

.text      0    00008000    00000f1c     
                  00008000    000002c0     rts430_eabi.lib : mpyd.c.obj (.text:__mspabi_mpyd)
                  000082c0    00000172                     : frcmpyd.c.obj (.text:__TI_frcmpyd)
                  00008432    00000132                     : fs_add.asm.obj (.text)
                  00008564    000000c4                     : fs_mpy.asm.obj (.text)
                  00008628    000000a0     BattGauge_program.obj (.text:BattGauge_Mapping)
                  000086c8    0000009c     rts430_eabi.lib : fs_div.asm.obj (.text)
                  00008764    00000096                     : mult64_hw.asm.obj (.text:__mpyll)
                  000087fa    0000008c     sd24.obj (.text:SD24_getResults)
                  00008886    0000008a     rts430_eabi.lib : fltuld.c.obj (.text:__mspabi_fltuld)
                  00008910    0000007c     BattGauge_program.obj (.text:BattGauge_Read)
                  0000898c    00000074     rts430_eabi.lib : fixdul.c.obj (.text:__mspabi_fixdul)
                  00008a00    00000072     BattGauge_program.obj (.text:BattGauge_Init)
                  00008a72    0000005c     rts430_eabi.lib : lsr32.asm.obj (.text:l_lsr_const)
                  00008ace    0000004c                     : lsr16.asm.obj (.text)
                  00008b1a    0000004a                     : mult3264_hw.asm.obj (.text:__mpyull)
                  00008b64    0000004a                     : fs_cmp.asm.obj (.text)
                  00008bae    00000046     sd24.obj (.text:SD24_initConverterAdvanced)
                  00008bf4    00000046     rts430_eabi.lib : lsr64.c.obj (.text:__mspabi_srlll)
                  00008c3a    00000046     main.obj (.text:main)
                  00008c80    00000044     rts430_eabi.lib : lsl64.c.obj (.text:__mspabi_sllll)
                  00008cc4    00000042                     : autoinit.c.obj (.text:__TI_auto_init_nobinit_nopinit:__TI_auto_init_nobinit_nopinit)
                  00008d06    0000003e                     : lsl32.asm.obj (.text:l_lsl_const)
                  00008d44    0000002c                     : asr16.asm.obj (.text)
                  00008d70    0000002c                     : lsl16.asm.obj (.text)
                  00008d9c    00000024     sd24.obj (.text:SD24_init)
                  00008dc0    00000024     rts430_eabi.lib : fs_utof.asm.obj (.text)
                  00008de4    00000020     BattGauge_program.obj (.text:BattGauge_Check)
                  00008e04    0000001e     gpio.obj (.text:GPIO_setAsOutputPin)
                  00008e22    0000001c     rts430_eabi.lib : boot.c.obj (.text:_c_int00_noargs)
                  00008e3e    00000016     gpio.obj (.text:GPIO_setOutputHighOnPin)
                  00008e54    00000016     gpio.obj (.text:GPIO_setOutputLowOnPin)
                  00008e6a    00000016     sd24.obj (.text:SD24_getInterruptStatus)
                  00008e80    00000016     wdt.obj (.text:WDT_hold)
                  00008e96    00000014     rts430_eabi.lib : copy_zero_init.c.obj (.text:decompress:ZI:__TI_zero_init_nomemset:__TI_zero_init_nomemset)
                  00008eaa    00000012     sd24.obj (.text:SD24_startConverterConversion)
                  00008ebc    00000012     rts430_eabi.lib : fixdu.c.obj (.text:__mspabi_fixdu)
                  00008ece    00000012                     : lsr32.asm.obj (.text:l_lsr)
                  00008ee0    00000012                     : memcpy.c.obj (.text:memcpy)
                  00008ef2    00000010                     : epilog.asm.obj (.text)
                  00008f02    00000008                     : isr_trap.asm.obj (.text:_isr:__TI_ISR_TRAP)
                  00008f0a    00000006                     : fltud.c.obj (.text:__mspabi_fltud)
                  00008f10    00000006                     : exit.c.obj (.text:abort)
                  00008f16    00000004                     : pre_init.c.obj (.text:_system_pre_init)
                  00008f1a    00000002                     : startup.c.obj (.text:_system_post_cinit)

.const     0    00008f1c    00000028     
                  00008f1c    0000001c     gpio.obj (.const:GPIO_PORT_TO_BASE)
                  00008f38    0000000c     BattGauge_program.obj (.const:$P$T0$1)

.cinit     0    00008f44    0000000a     
                  00008f44    00000004     (.cinit..bss.load) [load image, compression = zero_init]
                  00008f48    00000002     (__TI_handler_table)
                  00008f4a    00000004     (__TI_cinit_table)

.binit     0    00008000    00000000     

.init_array 
*          0    00008000    00000000     UNINITIALIZED

PORT2      0    0000ffe2    00000002     
                  0000ffe2    00000002     rts430_eabi.lib : int01.asm.obj (.int01)

PORT1      0    0000ffe8    00000002     
                  0000ffe8    00000002     rts430_eabi.lib : int04.asm.obj (.int04)

TIMER0_A1 
*          0    0000ffea    00000002     
                  0000ffea    00000002     rts430_eabi.lib : int05.asm.obj (.int05)

TIMER0_A0 
*          0    0000ffec    00000002     
                  0000ffec    00000002     rts430_eabi.lib : int06.asm.obj (.int06)

SD24       0    0000ffee    00000002     
                  0000ffee    00000002     rts430_eabi.lib : int07.asm.obj (.int07)

USCI_B0    0    0000fff0    00000002     
                  0000fff0    00000002     rts430_eabi.lib : int08.asm.obj (.int08)

USCI_A0    0    0000fff2    00000002     
                  0000fff2    00000002     rts430_eabi.lib : int09.asm.obj (.int09)

WDT        0    0000fff4    00000002     
                  0000fff4    00000002     rts430_eabi.lib : int10.asm.obj (.int10)

VMON       0    0000fff6    00000002     
                  0000fff6    00000002     rts430_eabi.lib : int11.asm.obj (.int11)

TIMER1_A1 
*          0    0000fff8    00000002     
                  0000fff8    00000002     rts430_eabi.lib : int12.asm.obj (.int12)

TIMER1_A0 
*          0    0000fffa    00000002     
                  0000fffa    00000002     rts430_eabi.lib : int13.asm.obj (.int13)

NMI        0    0000fffc    00000002     
                  0000fffc    00000002     rts430_eabi.lib : int14.asm.obj (.int14)

.reset     0    0000fffe    00000002     
                  0000fffe    00000002     rts430_eabi.lib : boot.c.obj (.reset)

$fill000   0    0000ffdc    00000004     
                  0000ffdc    00000004     --HOLE-- [fill = ffff]

MODULE SUMMARY

       Module                  code   ro data   rw data
       ------                  ----   -------   -------
    .\
       BattGauge_program.obj   430    12        4      
       main.obj                70     0         0      
    +--+-----------------------+------+---------+---------+
       Total:                  500    12        4      
                                                       
    .\driverlib\
       sd24.obj                286    0         0      
       gpio.obj                74     28        0      
       wdt.obj                 22     0         0      
    +--+-----------------------+------+---------+---------+
       Total:                  382    28        0      
                                                       
    C:\ti\ccs1240\ccs\tools\compiler\ti-cgt-msp430_21.6.1.LTS\lib\rts430_eabi.lib
       mpyd.c.obj              704    0         0      
       frcmpyd.c.obj           370    0         0      
       fs_add.asm.obj          306    0         0      
       fs_mpy.asm.obj          196    0         0      
       fs_div.asm.obj          156    0         0      
       mult64_hw.asm.obj       150    0         0      
       fltuld.c.obj            138    0         0      
       fixdul.c.obj            116    0         0      
       lsr32.asm.obj           110    0         0      
       lsr16.asm.obj           76     0         0      
       fs_cmp.asm.obj          74     0         0      
       mult3264_hw.asm.obj     74     0         0      
       lsr64.c.obj             70     0         0      
       lsl64.c.obj             68     0         0      
       autoinit.c.obj          66     0         0      
       lsl32.asm.obj           62     0         0      
       asr16.asm.obj           44     0         0      
       lsl16.asm.obj           44     0         0      
       fs_utof.asm.obj         36     0         0      
       boot.c.obj              28     2         0      
       copy_zero_init.c.obj    20     0         0      
       fixdu.c.obj             18     0         0      
       memcpy.c.obj            18     0         0      
       epilog.asm.obj          16     0         0      
       isr_trap.asm.obj        8      0         0      
       exit.c.obj              6      0         0      
       fltud.c.obj             6      0         0      
       pre_init.c.obj          4      0         0      
       int01.asm.obj           0      2         0      
       int04.asm.obj           0      2         0      
       int05.asm.obj           0      2         0      
       int06.asm.obj           0      2         0      
       int07.asm.obj           0      2         0      
       int08.asm.obj           0      2         0      
       int09.asm.obj           0      2         0      
       int10.asm.obj           0      2         0      
       int11.asm.obj           0      2         0      
       int12.asm.obj           0      2         0      
       int13.asm.obj           0      2         0      
       int14.asm.obj           0      2         0      
       startup.c.obj           2      0         0      
    +--+-----------------------+------+---------+---------+
       Total:                  2986   26        0      
                                                       
       Stack:                  0      0         80     
       Linker Generated:       0      10        0      
    +--+-----------------------+------+---------+---------+
       Grand Total:            3868   76        84     


LINKER GENERATED COPY TABLES

__TI_cinit_table @ 00008f4a records: 1, size/record: 4, table size: 4
	.bss: load addr=00008f44, load size=00000004 bytes, run addr=00000200, run size=00000004 bytes, compression=zero_init


LINKER GENERATED HANDLER TABLE

__TI_handler_table @ 00008f48 records: 1, size/record: 2, table size: 2
	index: 0, handler: __TI_zero_init


GLOBAL SYMBOLS: SORTED ALPHABETICALLY BY Name 

address   name                          
-------   ----                          
00008de4  BattGauge_Check               
00008a00  BattGauge_Init                
00008628  BattGauge_Mapping             
00008910  BattGauge_Read                
00000200  Batt_Volt_Mapped              
00008f10  C$$EXIT                       
00000050  CSCTL0                        
00000051  CSCTL1                        
00000054  CSERFCAL                      
00000055  CSERTCAL                      
00000052  CSIRFCAL                      
00000053  CSIRTCAL                      
00000128  FCTL1                         
0000012a  FCTL2                         
0000012c  FCTL3                         
00008e04  GPIO_setAsOutputPin           
00008e3e  GPIO_setOutputHighOnPin       
00008e54  GPIO_setOutputLowOnPin        
00000000  IE1                           
00000002  IFG1                          
00000060  LPM45CTL                      
00000134  MAC                           
00000136  MACS                          
00000130  MPY                           
00000132  MPYS                          
00000138  OP2                           
0000001e  P1IV                          
0000002e  P2IV                          
00000014  PADIR                         
00000015  PADIR_H                       
00000014  PADIR_L                       
0000002a  PAIE                          
00000028  PAIES                         
00000029  PAIES_H                       
00000028  PAIES_L                       
0000002b  PAIE_H                        
0000002a  PAIE_L                        
0000002c  PAIFG                         
0000002d  PAIFG_H                       
0000002c  PAIFG_L                       
00000010  PAIN                          
00000011  PAIN_H                        
00000010  PAIN_L                        
00000012  PAOUT                         
00000013  PAOUT_H                       
00000012  PAOUT_L                       
0000001a  PASEL0                        
0000001b  PASEL0_H                      
0000001a  PASEL0_L                      
0000001c  PASEL1                        
0000001d  PASEL1_H                      
0000001c  PASEL1_L                      
00000062  REFCAL0                       
00000063  REFCAL1                       
0000013c  RESHI                         
0000013a  RESLO                         
00000102  SD24CCTL0                     
00000104  SD24CCTL1                     
00000106  SD24CCTL2                     
00000108  SD24CCTL3                     
00000100  SD24CTL                       
000000b0  SD24INCTL0                    
000000b1  SD24INCTL1                    
000000b2  SD24INCTL2                    
000000b3  SD24INCTL3                    
000001f0  SD24IV                        
00000110  SD24MEM0                      
00000112  SD24MEM1                      
00000114  SD24MEM2                      
00000116  SD24MEM3                      
000000b8  SD24PRE0                      
000000b9  SD24PRE1                      
000000ba  SD24PRE2                      
000000bb  SD24PRE3                      
000000bf  SD24TRIM                      
00008e6a  SD24_getInterruptStatus       
000087fa  SD24_getResults               
00008d9c  SD24_init                     
00008bae  SD24_initConverterAdvanced    
00008eaa  SD24_startConverterConversion 
0000013e  SUMEXT                        
000001fe  SYSJTAGDIS                    
00000172  TA0CCR0                       
00000174  TA0CCR1                       
00000176  TA0CCR2                       
00000162  TA0CCTL0                      
00000164  TA0CCTL1                      
00000166  TA0CCTL2                      
00000160  TA0CTL                        
0000012e  TA0IV                         
00000170  TA0R                          
00000192  TA1CCR0                       
00000194  TA1CCR1                       
00000196  TA1CCR2                       
00000182  TA1CCTL0                      
00000184  TA1CCTL1                      
00000186  TA1CCTL2                      
00000180  TA1CTL                        
0000011e  TA1IV                         
00000190  TA1R                          
00000150  UCA0ABCTL                     
00000146  UCA0BRW                       
00000147  UCA0BRW_H                     
00000146  UCA0BRW_L                     
00000140  UCA0CTLW0                     
00000141  UCA0CTLW0_H                   
00000140  UCA0CTLW0_L                   
00000142  UCA0CTLW1                     
00000143  UCA0CTLW1_H                   
00000142  UCA0CTLW1_L                   
0000015a  UCA0IE                        
0000015b  UCA0IE_H                      
0000015a  UCA0IE_L                      
0000015c  UCA0IFG                       
0000015d  UCA0IFG_H                     
0000015c  UCA0IFG_L                     
00000152  UCA0IRCTL                     
00000153  UCA0IRCTL_H                   
00000152  UCA0IRCTL_L                   
0000015e  UCA0IV                        
00000148  UCA0MCTLW                     
00000149  UCA0MCTLW_H                   
00000148  UCA0MCTLW_L                   
0000014c  UCA0RXBUF                     
0000014d  UCA0RXBUF_H                   
0000014c  UCA0RXBUF_L                   
0000014a  UCA0STATW                     
0000014e  UCA0TXBUF                     
0000014f  UCA0TXBUF_H                   
0000014e  UCA0TXBUF_L                   
000001de  UCB0ADDMASK                   
000001df  UCB0ADDMASK_H                 
000001de  UCB0ADDMASK_L                 
000001dc  UCB0ADDRX                     
000001dd  UCB0ADDRX_H                   
000001dc  UCB0ADDRX_L                   
000001c6  UCB0BRW                       
000001c7  UCB0BRW_H                     
000001c6  UCB0BRW_L                     
000001c0  UCB0CTLW0                     
000001c1  UCB0CTLW0_H                   
000001c0  UCB0CTLW0_L                   
000001c2  UCB0CTLW1                     
000001c3  UCB0CTLW1_H                   
000001c2  UCB0CTLW1_L                   
000001d4  UCB0I2COA0                    
000001d5  UCB0I2COA0_H                  
000001d4  UCB0I2COA0_L                  
000001d6  UCB0I2COA1                    
000001d7  UCB0I2COA1_H                  
000001d6  UCB0I2COA1_L                  
000001d8  UCB0I2COA2                    
000001d9  UCB0I2COA2_H                  
000001d8  UCB0I2COA2_L                  
000001da  UCB0I2COA3                    
000001db  UCB0I2COA3_H                  
000001da  UCB0I2COA3_L                  
000001e0  UCB0I2CSA                     
000001e1  UCB0I2CSA_H                   
000001e0  UCB0I2CSA_L                   
000001ea  UCB0IE                        
000001eb  UCB0IE_H                      
000001ea  UCB0IE_L                      
000001ec  UCB0IFG                       
000001ed  UCB0IFG_H                     
000001ec  UCB0IFG_L                     
000001ee  UCB0IV                        
000001cc  UCB0RXBUF                     
000001cd  UCB0RXBUF_H                   
000001cc  UCB0RXBUF_L                   
000001c8  UCB0STATW                     
000001c9  UCB0STATW_H                   
000001c8  UCB0STATW_L                   
000001ca  UCB0TBCNT                     
000001cb  UCB0TBCNT_H                   
000001ca  UCB0TBCNT_L                   
000001ce  UCB0TXBUF                     
000001cf  UCB0TXBUF_H                   
000001ce  UCB0TXBUF_L                   
00000061  VMONCTL                       
00000120  WDTCTL                        
00008e80  WDT_hold                      
00000a00  __STACK_END                   
00000050  __STACK_SIZE                  
00008f4a  __TI_CINIT_Base               
00008f4e  __TI_CINIT_Limit              
00008f4e  __TI_CINIT_Warm               
00008f48  __TI_Handler_Table_Base       
00008f4a  __TI_Handler_Table_Limit      
00008f02  __TI_ISR_TRAP                 
00008cc4  __TI_auto_init_nobinit_nopinit
000082c0  __TI_frcmpyd                  
0000ffe2  __TI_int01                    
0000ffe8  __TI_int04                    
0000ffea  __TI_int05                    
0000ffec  __TI_int06                    
0000ffee  __TI_int07                    
0000fff0  __TI_int08                    
0000fff2  __TI_int09                    
0000fff4  __TI_int10                    
0000fff6  __TI_int11                    
0000fff8  __TI_int12                    
0000fffa  __TI_int13                    
0000fffc  __TI_int14                    
ffffffff  __TI_pprof_out_hndl           
ffffffff  __TI_prof_data_size           
ffffffff  __TI_prof_data_start          
00008e96  __TI_zero_init_nomemset       
ffffffff  __c_args__                    
00008438  __mspabi_addf                 
00008b64  __mspabi_cmpf                 
000086c8  __mspabi_divf                 
00008ebc  __mspabi_fixdu                
0000898c  __mspabi_fixdul               
00008f0a  __mspabi_fltud                
00008dc0  __mspabi_fltuf                
00008886  __mspabi_fltuld               
00008efe  __mspabi_func_epilog_1        
00008efc  __mspabi_func_epilog_2        
00008efa  __mspabi_func_epilog_3        
00008ef8  __mspabi_func_epilog_4        
00008ef6  __mspabi_func_epilog_5        
00008ef4  __mspabi_func_epilog_6        
00008ef2  __mspabi_func_epilog_7        
00008000  __mspabi_mpyd                 
00008564  __mspabi_mpyf                 
00008764  __mspabi_mpyll_hw             
00008b1a  __mspabi_mpyull_hw            
00008d70  __mspabi_slli                 
00008d98  __mspabi_slli_1               
00008d86  __mspabi_slli_10              
00008d84  __mspabi_slli_11              
00008d82  __mspabi_slli_12              
00008d80  __mspabi_slli_13              
00008d7e  __mspabi_slli_14              
00008d7c  __mspabi_slli_15              
00008d96  __mspabi_slli_2               
00008d94  __mspabi_slli_3               
00008d92  __mspabi_slli_4               
00008d90  __mspabi_slli_5               
00008d8e  __mspabi_slli_6               
00008d8c  __mspabi_slli_7               
00008d8a  __mspabi_slli_8               
00008d88  __mspabi_slli_9               
00008d3e  __mspabi_slll_1               
00008d1a  __mspabi_slll_10              
00008d16  __mspabi_slll_11              
00008d12  __mspabi_slll_12              
00008d0e  __mspabi_slll_13              
00008d0a  __mspabi_slll_14              
00008d06  __mspabi_slll_15              
00008d3a  __mspabi_slll_2               
00008d36  __mspabi_slll_3               
00008d32  __mspabi_slll_4               
00008d2e  __mspabi_slll_5               
00008d2a  __mspabi_slll_6               
00008d26  __mspabi_slll_7               
00008d22  __mspabi_slll_8               
00008d1e  __mspabi_slll_9               
00008c80  __mspabi_sllll                
00008d44  __mspabi_srai                 
00008d6c  __mspabi_srai_1               
00008d5a  __mspabi_srai_10              
00008d58  __mspabi_srai_11              
00008d56  __mspabi_srai_12              
00008d54  __mspabi_srai_13              
00008d52  __mspabi_srai_14              
00008d50  __mspabi_srai_15              
00008d6a  __mspabi_srai_2               
00008d68  __mspabi_srai_3               
00008d66  __mspabi_srai_4               
00008d64  __mspabi_srai_5               
00008d62  __mspabi_srai_6               
00008d60  __mspabi_srai_7               
00008d5e  __mspabi_srai_8               
00008d5c  __mspabi_srai_9               
00008ace  __mspabi_srli                 
00008b14  __mspabi_srli_1               
00008af0  __mspabi_srli_10              
00008aec  __mspabi_srli_11              
00008ae8  __mspabi_srli_12              
00008ae4  __mspabi_srli_13              
00008ae0  __mspabi_srli_14              
00008adc  __mspabi_srli_15              
00008b10  __mspabi_srli_2               
00008b0c  __mspabi_srli_3               
00008b08  __mspabi_srli_4               
00008b04  __mspabi_srli_5               
00008b00  __mspabi_srli_6               
00008afc  __mspabi_srli_7               
00008af8  __mspabi_srli_8               
00008af4  __mspabi_srli_9               
00008ece  __mspabi_srll                 
00008ac6  __mspabi_srll_1               
00008a90  __mspabi_srll_10              
00008a8a  __mspabi_srll_11              
00008a84  __mspabi_srll_12              
00008a7e  __mspabi_srll_13              
00008a78  __mspabi_srll_14              
00008a72  __mspabi_srll_15              
00008ac0  __mspabi_srll_2               
00008aba  __mspabi_srll_3               
00008ab4  __mspabi_srll_4               
00008aae  __mspabi_srll_5               
00008aa8  __mspabi_srll_6               
00008aa2  __mspabi_srll_7               
00008a9c  __mspabi_srll_8               
00008a96  __mspabi_srll_9               
00008bf4  __mspabi_srlll                
00008432  __mspabi_subf                 
00008e22  _c_int00_noargs               
0000fffe  _reset_vector                 
000009b0  _stack                        
00008f1a  _system_post_cinit            
00008f16  _system_pre_init              
00008f10  abort                         
00008c3a  main                          
00008ee0  memcpy                        


GLOBAL SYMBOLS: SORTED BY Symbol Address 

address   name                          
-------   ----                          
00000000  IE1                           
00000002  IFG1                          
00000010  PAIN                          
00000010  PAIN_L                        
00000011  PAIN_H                        
00000012  PAOUT                         
00000012  PAOUT_L                       
00000013  PAOUT_H                       
00000014  PADIR                         
00000014  PADIR_L                       
00000015  PADIR_H                       
0000001a  PASEL0                        
0000001a  PASEL0_L                      
0000001b  PASEL0_H                      
0000001c  PASEL1                        
0000001c  PASEL1_L                      
0000001d  PASEL1_H                      
0000001e  P1IV                          
00000028  PAIES                         
00000028  PAIES_L                       
00000029  PAIES_H                       
0000002a  PAIE                          
0000002a  PAIE_L                        
0000002b  PAIE_H                        
0000002c  PAIFG                         
0000002c  PAIFG_L                       
0000002d  PAIFG_H                       
0000002e  P2IV                          
00000050  CSCTL0                        
00000050  __STACK_SIZE                  
00000051  CSCTL1                        
00000052  CSIRFCAL                      
00000053  CSIRTCAL                      
00000054  CSERFCAL                      
00000055  CSERTCAL                      
00000060  LPM45CTL                      
00000061  VMONCTL                       
00000062  REFCAL0                       
00000063  REFCAL1                       
000000b0  SD24INCTL0                    
000000b1  SD24INCTL1                    
000000b2  SD24INCTL2                    
000000b3  SD24INCTL3                    
000000b8  SD24PRE0                      
000000b9  SD24PRE1                      
000000ba  SD24PRE2                      
000000bb  SD24PRE3                      
000000bf  SD24TRIM                      
00000100  SD24CTL                       
00000102  SD24CCTL0                     
00000104  SD24CCTL1                     
00000106  SD24CCTL2                     
00000108  SD24CCTL3                     
00000110  SD24MEM0                      
00000112  SD24MEM1                      
00000114  SD24MEM2                      
00000116  SD24MEM3                      
0000011e  TA1IV                         
00000120  WDTCTL                        
00000128  FCTL1                         
0000012a  FCTL2                         
0000012c  FCTL3                         
0000012e  TA0IV                         
00000130  MPY                           
00000132  MPYS                          
00000134  MAC                           
00000136  MACS                          
00000138  OP2                           
0000013a  RESLO                         
0000013c  RESHI                         
0000013e  SUMEXT                        
00000140  UCA0CTLW0                     
00000140  UCA0CTLW0_L                   
00000141  UCA0CTLW0_H                   
00000142  UCA0CTLW1                     
00000142  UCA0CTLW1_L                   
00000143  UCA0CTLW1_H                   
00000146  UCA0BRW                       
00000146  UCA0BRW_L                     
00000147  UCA0BRW_H                     
00000148  UCA0MCTLW                     
00000148  UCA0MCTLW_L                   
00000149  UCA0MCTLW_H                   
0000014a  UCA0STATW                     
0000014c  UCA0RXBUF                     
0000014c  UCA0RXBUF_L                   
0000014d  UCA0RXBUF_H                   
0000014e  UCA0TXBUF                     
0000014e  UCA0TXBUF_L                   
0000014f  UCA0TXBUF_H                   
00000150  UCA0ABCTL                     
00000152  UCA0IRCTL                     
00000152  UCA0IRCTL_L                   
00000153  UCA0IRCTL_H                   
0000015a  UCA0IE                        
0000015a  UCA0IE_L                      
0000015b  UCA0IE_H                      
0000015c  UCA0IFG                       
0000015c  UCA0IFG_L                     
0000015d  UCA0IFG_H                     
0000015e  UCA0IV                        
00000160  TA0CTL                        
00000162  TA0CCTL0                      
00000164  TA0CCTL1                      
00000166  TA0CCTL2                      
00000170  TA0R                          
00000172  TA0CCR0                       
00000174  TA0CCR1                       
00000176  TA0CCR2                       
00000180  TA1CTL                        
00000182  TA1CCTL0                      
00000184  TA1CCTL1                      
00000186  TA1CCTL2                      
00000190  TA1R                          
00000192  TA1CCR0                       
00000194  TA1CCR1                       
00000196  TA1CCR2                       
000001c0  UCB0CTLW0                     
000001c0  UCB0CTLW0_L                   
000001c1  UCB0CTLW0_H                   
000001c2  UCB0CTLW1                     
000001c2  UCB0CTLW1_L                   
000001c3  UCB0CTLW1_H                   
000001c6  UCB0BRW                       
000001c6  UCB0BRW_L                     
000001c7  UCB0BRW_H                     
000001c8  UCB0STATW                     
000001c8  UCB0STATW_L                   
000001c9  UCB0STATW_H                   
000001ca  UCB0TBCNT                     
000001ca  UCB0TBCNT_L                   
000001cb  UCB0TBCNT_H                   
000001cc  UCB0RXBUF                     
000001cc  UCB0RXBUF_L                   
000001cd  UCB0RXBUF_H                   
000001ce  UCB0TXBUF                     
000001ce  UCB0TXBUF_L                   
000001cf  UCB0TXBUF_H                   
000001d4  UCB0I2COA0                    
000001d4  UCB0I2COA0_L                  
000001d5  UCB0I2COA0_H                  
000001d6  UCB0I2COA1                    
000001d6  UCB0I2COA1_L                  
000001d7  UCB0I2COA1_H                  
000001d8  UCB0I2COA2                    
000001d8  UCB0I2COA2_L                  
000001d9  UCB0I2COA2_H                  
000001da  UCB0I2COA3                    
000001da  UCB0I2COA3_L                  
000001db  UCB0I2COA3_H                  
000001dc  UCB0ADDRX                     
000001dc  UCB0ADDRX_L                   
000001dd  UCB0ADDRX_H                   
000001de  UCB0ADDMASK                   
000001de  UCB0ADDMASK_L                 
000001df  UCB0ADDMASK_H                 
000001e0  UCB0I2CSA                     
000001e0  UCB0I2CSA_L                   
000001e1  UCB0I2CSA_H                   
000001ea  UCB0IE                        
000001ea  UCB0IE_L                      
000001eb  UCB0IE_H                      
000001ec  UCB0IFG                       
000001ec  UCB0IFG_L                     
000001ed  UCB0IFG_H                     
000001ee  UCB0IV                        
000001f0  SD24IV                        
000001fe  SYSJTAGDIS                    
00000200  Batt_Volt_Mapped              
000009b0  _stack                        
00000a00  __STACK_END                   
00008000  __mspabi_mpyd                 
000082c0  __TI_frcmpyd                  
00008432  __mspabi_subf                 
00008438  __mspabi_addf                 
00008564  __mspabi_mpyf                 
00008628  BattGauge_Mapping             
000086c8  __mspabi_divf                 
00008764  __mspabi_mpyll_hw             
000087fa  SD24_getResults               
00008886  __mspabi_fltuld               
00008910  BattGauge_Read                
0000898c  __mspabi_fixdul               
00008a00  BattGauge_Init                
00008a72  __mspabi_srll_15              
00008a78  __mspabi_srll_14              
00008a7e  __mspabi_srll_13              
00008a84  __mspabi_srll_12              
00008a8a  __mspabi_srll_11              
00008a90  __mspabi_srll_10              
00008a96  __mspabi_srll_9               
00008a9c  __mspabi_srll_8               
00008aa2  __mspabi_srll_7               
00008aa8  __mspabi_srll_6               
00008aae  __mspabi_srll_5               
00008ab4  __mspabi_srll_4               
00008aba  __mspabi_srll_3               
00008ac0  __mspabi_srll_2               
00008ac6  __mspabi_srll_1               
00008ace  __mspabi_srli                 
00008adc  __mspabi_srli_15              
00008ae0  __mspabi_srli_14              
00008ae4  __mspabi_srli_13              
00008ae8  __mspabi_srli_12              
00008aec  __mspabi_srli_11              
00008af0  __mspabi_srli_10              
00008af4  __mspabi_srli_9               
00008af8  __mspabi_srli_8               
00008afc  __mspabi_srli_7               
00008b00  __mspabi_srli_6               
00008b04  __mspabi_srli_5               
00008b08  __mspabi_srli_4               
00008b0c  __mspabi_srli_3               
00008b10  __mspabi_srli_2               
00008b14  __mspabi_srli_1               
00008b1a  __mspabi_mpyull_hw            
00008b64  __mspabi_cmpf                 
00008bae  SD24_initConverterAdvanced    
00008bf4  __mspabi_srlll                
00008c3a  main                          
00008c80  __mspabi_sllll                
00008cc4  __TI_auto_init_nobinit_nopinit
00008d06  __mspabi_slll_15              
00008d0a  __mspabi_slll_14              
00008d0e  __mspabi_slll_13              
00008d12  __mspabi_slll_12              
00008d16  __mspabi_slll_11              
00008d1a  __mspabi_slll_10              
00008d1e  __mspabi_slll_9               
00008d22  __mspabi_slll_8               
00008d26  __mspabi_slll_7               
00008d2a  __mspabi_slll_6               
00008d2e  __mspabi_slll_5               
00008d32  __mspabi_slll_4               
00008d36  __mspabi_slll_3               
00008d3a  __mspabi_slll_2               
00008d3e  __mspabi_slll_1               
00008d44  __mspabi_srai                 
00008d50  __mspabi_srai_15              
00008d52  __mspabi_srai_14              
00008d54  __mspabi_srai_13              
00008d56  __mspabi_srai_12              
00008d58  __mspabi_srai_11              
00008d5a  __mspabi_srai_10              
00008d5c  __mspabi_srai_9               
00008d5e  __mspabi_srai_8               
00008d60  __mspabi_srai_7               
00008d62  __mspabi_srai_6               
00008d64  __mspabi_srai_5               
00008d66  __mspabi_srai_4               
00008d68  __mspabi_srai_3               
00008d6a  __mspabi_srai_2               
00008d6c  __mspabi_srai_1               
00008d70  __mspabi_slli                 
00008d7c  __mspabi_slli_15              
00008d7e  __mspabi_slli_14              
00008d80  __mspabi_slli_13              
00008d82  __mspabi_slli_12              
00008d84  __mspabi_slli_11              
00008d86  __mspabi_slli_10              
00008d88  __mspabi_slli_9               
00008d8a  __mspabi_slli_8               
00008d8c  __mspabi_slli_7               
00008d8e  __mspabi_slli_6               
00008d90  __mspabi_slli_5               
00008d92  __mspabi_slli_4               
00008d94  __mspabi_slli_3               
00008d96  __mspabi_slli_2               
00008d98  __mspabi_slli_1               
00008d9c  SD24_init                     
00008dc0  __mspabi_fltuf                
00008de4  BattGauge_Check               
00008e04  GPIO_setAsOutputPin           
00008e22  _c_int00_noargs               
00008e3e  GPIO_setOutputHighOnPin       
00008e54  GPIO_setOutputLowOnPin        
00008e6a  SD24_getInterruptStatus       
00008e80  WDT_hold                      
00008e96  __TI_zero_init_nomemset       
00008eaa  SD24_startConverterConversion 
00008ebc  __mspabi_fixdu                
00008ece  __mspabi_srll                 
00008ee0  memcpy                        
00008ef2  __mspabi_func_epilog_7        
00008ef4  __mspabi_func_epilog_6        
00008ef6  __mspabi_func_epilog_5        
00008ef8  __mspabi_func_epilog_4        
00008efa  __mspabi_func_epilog_3        
00008efc  __mspabi_func_epilog_2        
00008efe  __mspabi_func_epilog_1        
00008f02  __TI_ISR_TRAP                 
00008f0a  __mspabi_fltud                
00008f10  C$$EXIT                       
00008f10  abort                         
00008f16  _system_pre_init              
00008f1a  _system_post_cinit            
00008f48  __TI_Handler_Table_Base       
00008f4a  __TI_CINIT_Base               
00008f4a  __TI_Handler_Table_Limit      
00008f4e  __TI_CINIT_Limit              
00008f4e  __TI_CINIT_Warm               
0000ffe2  __TI_int01                    
0000ffe8  __TI_int04                    
0000ffea  __TI_int05                    
0000ffec  __TI_int06                    
0000ffee  __TI_int07                    
0000fff0  __TI_int08                    
0000fff2  __TI_int09                    
0000fff4  __TI_int10                    
0000fff6  __TI_int11                    
0000fff8  __TI_int12                    
0000fffa  __TI_int13                    
0000fffc  __TI_int14                    
0000fffe  _reset_vector                 
ffffffff  __TI_pprof_out_hndl           
ffffffff  __TI_prof_data_size           
ffffffff  __TI_prof_data_start          
ffffffff  __c_args__                    

[318 symbols]
